To honour the JVM settings for this build a single-use Daemon process will be forked. For more on this, please refer to https://docs.gradle.org/8.14.3/userguide/gradle_daemon.html#sec:disabling_the_daemon in the Gradle documentation.
Daemon will be stopped at the end of the build 

> Task :compileJava
E:\Practice\Office\shoppingcart\src\main\java\com\example\shoppingcart\config\DynamoDBSchemaConfig.java:3: error: cannot find symbol
import com.example.shoppingcart.model.DiscountRule;
                                     ^
  symbol:   class DiscountRule
  location: package com.example.shoppingcart.model
E:\Practice\Office\shoppingcart\src\main\java\com\example\shoppingcart\config\DynamoDBSchemaConfig.java:4: error: cannot find symbol
import com.example.shoppingcart.model.ProductCatalogItem;
                                     ^
  symbol:   class ProductCatalogItem
  location: package com.example.shoppingcart.model
E:\Practice\Office\shoppingcart\src\main\java\com\example\shoppingcart\config\DynamoDBSchemaConfig.java:5: error: cannot find symbol
import com.example.shoppingcart.model.ShoppingCart;
                                     ^
  symbol:   class ShoppingCart
  location: package com.example.shoppingcart.model
E:\Practice\Office\shoppingcart\src\main\java\com\example\shoppingcart\config\DynamoDBSchemaConfig.java:6: error: cannot find symbol
import com.example.shoppingcart.model.User;
                                     ^
  symbol:   class User
  location: package com.example.shoppingcart.model
E:\Practice\Office\shoppingcart\src\main\java\com\example\shoppingcart\service\CdcService.java:84: error: reference to DiscountRule is ambiguous
    public void syncDiscountRuleToDynamoDB(DiscountRule postgresDiscountRule) {
                                           ^
  both class com.example.shoppingcart.model.postgres.DiscountRule in com.example.shoppingcart.model.postgres and class com.example.shoppingcart.model.dynamo.DiscountRule in com.example.shoppingcart.model.dynamo match
E:\Practice\Office\shoppingcart\src\main\java\com\example\shoppingcart\service\CdcService.java:136: error: reference to User is ambiguous
    public void syncUserToDynamoDB(User postgresUser) {
                                   ^
  both class com.example.shoppingcart.model.postgres.User in com.example.shoppingcart.model.postgres and class com.example.shoppingcart.model.dynamo.User in com.example.shoppingcart.model.dynamo match
E:\Practice\Office\shoppingcart\src\main\java\com\example\shoppingcart\service\CdcService.java:14: error: a type with the same simple name is already defined by the single-type-import of DiscountRule
import com.example.shoppingcart.model.dynamo.DiscountRule; // Corrected import
^
E:\Practice\Office\shoppingcart\src\main\java\com\example\shoppingcart\service\CdcService.java:15: error: a type with the same simple name is already defined by the single-type-import of User
import com.example.shoppingcart.model.dynamo.User; // Corrected import
^
E:\Practice\Office\shoppingcart\src\main\java\com\example\shoppingcart\service\CartWriteService.java:3: error: cannot find symbol
import com.example.shoppingcart.model.ShoppingCart;
                                     ^
  symbol:   class ShoppingCart
  location: package com.example.shoppingcart.model
E:\Practice\Office\shoppingcart\src\main\java\com\example\shoppingcart\service\CartWriteService.java:7: error: cannot find symbol
    ShoppingCart createCart(String userId);
    ^
  symbol:   class ShoppingCart
  location: interface CartWriteService
E:\Practice\Office\shoppingcart\src\main\java\com\example\shoppingcart\service\CartWriteService.java:9: error: cannot find symbol
    ShoppingCart addItem(String cartId, String productId, int quantity, int priceInSmallestUnit);
    ^
  symbol:   class ShoppingCart
  location: interface CartWriteService
E:\Practice\Office\shoppingcart\src\main\java\com\example\shoppingcart\service\CartWriteService.java:11: error: cannot find symbol
    ShoppingCart removeItem(String cartId, String productId);
    ^
  symbol:   class ShoppingCart
  location: interface CartWriteService
E:\Practice\Office\shoppingcart\src\main\java\com\example\shoppingcart\service\CartWriteService.java:13: error: cannot find symbol
    ShoppingCart updateItemQuantity(String cartId, String productId, int quantity);
    ^
  symbol:   class ShoppingCart
  location: interface CartWriteService
E:\Practice\Office\shoppingcart\src\main\java\com\example\shoppingcart\service\CartWriteService.java:15: error: cannot find symbol
    ShoppingCart checkout(String cartId);
    ^
  symbol:   class ShoppingCart
  location: interface CartWriteService
E:\Practice\Office\shoppingcart\src\main\java\com\example\shoppingcart\controller\DiscountRuleController.java:5: error: cannot find symbol
import com.example.shoppingcart.model.DiscountRule;
                                     ^
  symbol:   class DiscountRule
  location: package com.example.shoppingcart.model
E:\Practice\Office\shoppingcart\src\main\java\com\example\shoppingcart\service\DiscountService.java:5: error: cannot find symbol
import com.example.shoppingcart.model.ShoppingCart;
                                     ^
  symbol:   class ShoppingCart
  location: package com.example.shoppingcart.model
E:\Practice\Office\shoppingcart\src\main\java\com\example\shoppingcart\controller\DiscountRuleController.java:43: error: cannot find symbol
    public ResponseEntity<AppApiResponse<DiscountRule>> createDiscountRule(@Valid @RequestBody DiscountRuleDto discountRuleDto) {
                                         ^
  symbol:   class DiscountRule
  location: class DiscountRuleController
E:\Practice\Office\shoppingcart\src\main\java\com\example\shoppingcart\controller\DiscountRuleController.java:55: error: cannot find symbol
    public ResponseEntity<AppApiResponse<DiscountRule>> getDiscountRuleById(@Parameter(description = "Discount Rule ID", example = "DR12345") @PathVariable String ruleId) {
                                         ^
  symbol:   class DiscountRule
  location: class DiscountRuleController
E:\Practice\Office\shoppingcart\src\main\java\com\example\shoppingcart\service\DiscountService.java:12: error: cannot find symbol
    BigDecimal calculateTotalDiscount(ShoppingCart cart);
                                      ^
  symbol:   class ShoppingCart
  location: interface DiscountService
E:\Practice\Office\shoppingcart\src\main\java\com\example\shoppingcart\controller\UserController.java:6: error: cannot find symbol
import com.example.shoppingcart.model.User;
                                     ^
  symbol:   class User
  location: package com.example.shoppingcart.model
E:\Practice\Office\shoppingcart\src\main\java\com\example\shoppingcart\controller\UserController.java:38: error: cannot find symbol
    public ResponseEntity<User> registerUser(@Valid @RequestBody UserDto userDto) {
                          ^
  symbol:   class User
  location: class UserController
E:\Practice\Office\shoppingcart\src\main\java\com\example\shoppingcart\controller\UserController.java:71: error: cannot find symbol
    public ResponseEntity<User> getUserByUsername(@Parameter(description = "Username of the user", example = "john.doe") @PathVariable String username) {
                          ^
  symbol:   class User
  location: class UserController
E:\Practice\Office\shoppingcart\src\main\java\com\example\shoppingcart\lambda\DynamoStreamHandler.java:3: error: package com.amazonaws.services.lambda.runtime does not exist
import com.amazonaws.services.lambda.runtime.Context;
                                            ^
E:\Practice\Office\shoppingcart\src\main\java\com\example\shoppingcart\lambda\DynamoStreamHandler.java:4: error: package com.amazonaws.services.lambda.runtime.events does not exist
import com.amazonaws.services.lambda.runtime.events.DynamodbEvent;
                                                   ^
E:\Practice\Office\shoppingcart\src\main\java\com\example\shoppingcart\lambda\DynamoStreamHandler.java:9: error: cannot find symbol
    public void handleRequest(DynamodbEvent event, Context context) {
                              ^
  symbol:   class DynamodbEvent
  location: class DynamoStreamHandler
E:\Practice\Office\shoppingcart\src\main\java\com\example\shoppingcart\lambda\DynamoStreamHandler.java:9: error: cannot find symbol
    public void handleRequest(DynamodbEvent event, Context context) {
                                                   ^
  symbol:   class Context
  location: class DynamoStreamHandler
E:\Practice\Office\shoppingcart\src\main\java\com\example\shoppingcart\lambda\SqlCdcHandler.java:3: error: package com.amazonaws.services.lambda.runtime does not exist
import com.amazonaws.services.lambda.runtime.Context;
                                            ^
E:\Practice\Office\shoppingcart\src\main\java\com\example\shoppingcart\lambda\SqlCdcHandler.java:8: error: cannot find symbol
    public void handleRequest(Object event, Context context) {
                                            ^
  symbol:   class Context
  location: class SqlCdcHandler
E:\Practice\Office\shoppingcart\src\main\java\com\example\shoppingcart\repository\impl\nosql\CartRepositoryImpl.java:3: error: cannot find symbol
import com.example.shoppingcart.model.ShoppingCart;
                                     ^
  symbol:   class ShoppingCart
  location: package com.example.shoppingcart.model
E:\Practice\Office\shoppingcart\src\main\java\com\example\shoppingcart\repository\impl\nosql\CartRepositoryImpl.java:24: error: cannot find symbol
    private final DynamoDbTable<ShoppingCart> cartTable;
                                ^
  symbol:   class ShoppingCart
  location: class CartRepositoryImpl
E:\Practice\Office\shoppingcart\src\main\java\com\example\shoppingcart\repository\impl\nosql\CartRepositoryImpl.java:41: error: cannot find symbol
    public Class<ShoppingCart> getEntityClass() {
                 ^
  symbol:   class ShoppingCart
  location: class CartRepositoryImpl
E:\Practice\Office\shoppingcart\src\main\java\com\example\shoppingcart\repository\impl\nosql\CartRepositoryImpl.java:46: error: cannot find symbol
    public TableSchema<ShoppingCart> getTableSchema() {
                       ^
  symbol:   class ShoppingCart
  location: class CartRepositoryImpl
E:\Practice\Office\shoppingcart\src\main\java\com\example\shoppingcart\repository\impl\nosql\CartRepositoryImpl.java:51: error: cannot find symbol
    public DynamoDbTable<ShoppingCart> getTable() {
                         ^
  symbol:   class ShoppingCart
  location: class CartRepositoryImpl
E:\Practice\Office\shoppingcart\src\main\java\com\example\shoppingcart\repository\impl\nosql\CartRepositoryImpl.java:58: error: cannot find symbol
    public Optional<ShoppingCart> findByUserId(String userId) {
                    ^
  symbol:   class ShoppingCart
  location: class CartRepositoryImpl
E:\Practice\Office\shoppingcart\src\main\java\com\example\shoppingcart\repository\impl\nosql\CartRepositoryImpl.java:75: error: cannot find symbol
    public <S extends ShoppingCart> S save(S entity) {
                      ^
  symbol:   class ShoppingCart
  location: class CartRepositoryImpl
E:\Practice\Office\shoppingcart\src\main\java\com\example\shoppingcart\repository\impl\nosql\CartRepositoryImpl.java:81: error: cannot find symbol
    public Optional<ShoppingCart> findById(String cartId) {
                    ^
  symbol:   class ShoppingCart
  location: class CartRepositoryImpl
E:\Practice\Office\shoppingcart\src\main\java\com\example\shoppingcart\repository\impl\nosql\CartRepositoryImpl.java:96: error: cannot find symbol
    public void delete(ShoppingCart entity) {
                       ^
  symbol:   class ShoppingCart
  location: class CartRepositoryImpl
E:\Practice\Office\shoppingcart\src\main\java\com\example\shoppingcart\repository\impl\nosql\CartRepositoryImpl.java:101: error: cannot find symbol
    public void deleteAll(Iterable<? extends ShoppingCart> entities) {
                                             ^
  symbol:   class ShoppingCart
  location: class CartRepositoryImpl
E:\Practice\Office\shoppingcart\src\main\java\com\example\shoppingcart\repository\impl\nosql\CartRepositoryImpl.java:108: error: cannot find symbol
    public Iterable<ShoppingCart> findAll() {
                    ^
  symbol:   class ShoppingCart
  location: class CartRepositoryImpl
E:\Practice\Office\shoppingcart\src\main\java\com\example\shoppingcart\repository\impl\nosql\CartRepositoryImpl.java:113: error: cannot find symbol
    public Iterable<ShoppingCart> findAllById(Iterable<String> strings) {
                    ^
  symbol:   class ShoppingCart
  location: class CartRepositoryImpl
E:\Practice\Office\shoppingcart\src\main\java\com\example\shoppingcart\repository\impl\nosql\DiscountRuleRepositoryImpl.java:3: error: cannot find symbol
import com.example.shoppingcart.model.DiscountRule;
                                     ^
  symbol:   class DiscountRule
  location: package com.example.shoppingcart.model
E:\Practice\Office\shoppingcart\src\main\java\com\example\shoppingcart\repository\impl\nosql\DiscountRuleRepositoryImpl.java:30: error: cannot find symbol
    private final DynamoDbTable<DiscountRule> discountRuleTable;
                                ^
  symbol:   class DiscountRule
  location: class DiscountRuleRepositoryImpl
E:\Practice\Office\shoppingcart\src\main\java\com\example\shoppingcart\repository\impl\nosql\DiscountRuleRepositoryImpl.java:46: error: cannot find symbol
    public Class<DiscountRule> getEntityClass() {
                 ^
  symbol:   class DiscountRule
  location: class DiscountRuleRepositoryImpl
E:\Practice\Office\shoppingcart\src\main\java\com\example\shoppingcart\repository\impl\nosql\DiscountRuleRepositoryImpl.java:51: error: cannot find symbol
    public TableSchema<DiscountRule> getTableSchema() {
                       ^
  symbol:   class DiscountRule
  location: class DiscountRuleRepositoryImpl
E:\Practice\Office\shoppingcart\src\main\java\com\example\shoppingcart\repository\impl\nosql\DiscountRuleRepositoryImpl.java:56: error: cannot find symbol
    public DynamoDbTable<DiscountRule> getTable() {
                         ^
  symbol:   class DiscountRule
  location: class DiscountRuleRepositoryImpl
E:\Practice\Office\shoppingcart\src\main\java\com\example\shoppingcart\repository\impl\nosql\DiscountRuleRepositoryImpl.java:63: error: cannot find symbol
    public void saveAll(List<DiscountRule> discountRules) {
                             ^
  symbol:   class DiscountRule
  location: class DiscountRuleRepositoryImpl
E:\Practice\Office\shoppingcart\src\main\java\com\example\shoppingcart\repository\impl\nosql\DiscountRuleRepositoryImpl.java:71: error: cannot find symbol
    public List<DiscountRule> findActiveAndOrderedRules(String region, String currency) {
                ^
  symbol:   class DiscountRule
  location: class DiscountRuleRepositoryImpl
E:\Practice\Office\shoppingcart\src\main\java\com\example\shoppingcart\repository\impl\nosql\DiscountRuleRepositoryImpl.java:102: error: cannot find symbol
    public <S extends DiscountRule> S save(S entity) {
                      ^
  symbol:   class DiscountRule
  location: class DiscountRuleRepositoryImpl
E:\Practice\Office\shoppingcart\src\main\java\com\example\shoppingcart\repository\impl\nosql\DiscountRuleRepositoryImpl.java:108: error: cannot find symbol
    public Optional<DiscountRule> findById(String ruleId) {
                    ^
  symbol:   class DiscountRule
  location: class DiscountRuleRepositoryImpl
E:\Practice\Office\shoppingcart\src\main\java\com\example\shoppingcart\repository\impl\nosql\DiscountRuleRepositoryImpl.java:123: error: cannot find symbol
    public void delete(DiscountRule entity) {
                       ^
  symbol:   class DiscountRule
  location: class DiscountRuleRepositoryImpl
E:\Practice\Office\shoppingcart\src\main\java\com\example\shoppingcart\repository\impl\nosql\DiscountRuleRepositoryImpl.java:128: error: cannot find symbol
    public void deleteAll(Iterable<? extends DiscountRule> entities) {
                                             ^
  symbol:   class DiscountRule
  location: class DiscountRuleRepositoryImpl
E:\Practice\Office\shoppingcart\src\main\java\com\example\shoppingcart\repository\impl\nosql\DiscountRuleRepositoryImpl.java:135: error: cannot find symbol
    public Iterable<DiscountRule> findAll() {
                    ^
  symbol:   class DiscountRule
  location: class DiscountRuleRepositoryImpl
E:\Practice\Office\shoppingcart\src\main\java\com\example\shoppingcart\repository\impl\nosql\DiscountRuleRepositoryImpl.java:140: error: cannot find symbol
    public Iterable<DiscountRule> findAllById(Iterable<String> strings) {
                    ^
  symbol:   class DiscountRule
  location: class DiscountRuleRepositoryImpl
E:\Practice\Office\shoppingcart\src\main\java\com\example\shoppingcart\repository\impl\nosql\ProductInventoryRepositoryImpl.java:3: error: cannot find symbol
import com.example.shoppingcart.model.ProductCatalogItem;
                                     ^
  symbol:   class ProductCatalogItem
  location: package com.example.shoppingcart.model
E:\Practice\Office\shoppingcart\src\main\java\com\example\shoppingcart\repository\impl\nosql\ProductInventoryRepositoryImpl.java:50: error: cannot find symbol
    private ProductInventory toProductInventory(ProductCatalogItem item) {
                                                ^
  symbol:   class ProductCatalogItem
  location: class ProductInventoryRepositoryImpl
E:\Practice\Office\shoppingcart\src\main\java\com\example\shoppingcart\repository\impl\nosql\ProductInventoryRepositoryImpl.java:58: error: cannot find symbol
    private ProductCatalogItem toCatalogItem(ProductInventory inventory) {
            ^
  symbol:   class ProductCatalogItem
  location: class ProductInventoryRepositoryImpl
E:\Practice\Office\shoppingcart\src\main\java\com\example\shoppingcart\repository\impl\nosql\ProductPriceRepositoryImpl.java:3: error: cannot find symbol
import com.example.shoppingcart.model.ProductCatalogItem;
                                     ^
  symbol:   class ProductCatalogItem
  location: package com.example.shoppingcart.model
E:\Practice\Office\shoppingcart\src\main\java\com\example\shoppingcart\repository\impl\nosql\ProductPriceRepositoryImpl.java:50: error: cannot find symbol
    private ProductPrice toProductPrice(ProductCatalogItem item) {
                                        ^
  symbol:   class ProductCatalogItem
  location: class ProductPriceRepositoryImpl
E:\Practice\Office\shoppingcart\src\main\java\com\example\shoppingcart\repository\impl\nosql\ProductPriceRepositoryImpl.java:59: error: cannot find symbol
    private ProductCatalogItem toCatalogItem(ProductPrice price) {
            ^
  symbol:   class ProductCatalogItem
  location: class ProductPriceRepositoryImpl
E:\Practice\Office\shoppingcart\src\main\java\com\example\shoppingcart\repository\impl\nosql\ShoppingCartRepositoryImpl.java:3: error: cannot find symbol
import com.example.shoppingcart.model.ShoppingCart;
                                     ^
  symbol:   class ShoppingCart
  location: package com.example.shoppingcart.model
E:\Practice\Office\shoppingcart\src\main\java\com\example\shoppingcart\repository\impl\nosql\ShoppingCartRepositoryImpl.java:19: error: cannot find symbol
    private final DynamoDbTable<ShoppingCart> cartTable;
                                ^
  symbol:   class ShoppingCart
  location: class ShoppingCartRepositoryImpl
E:\Practice\Office\shoppingcart\src\main\java\com\example\shoppingcart\repository\impl\nosql\ShoppingCartRepositoryImpl.java:28: error: cannot find symbol
    public <S extends ShoppingCart> S save(S entity) {
                      ^
  symbol:   class ShoppingCart
  location: class ShoppingCartRepositoryImpl
E:\Practice\Office\shoppingcart\src\main\java\com\example\shoppingcart\repository\impl\nosql\ShoppingCartRepositoryImpl.java:34: error: cannot find symbol
    public <S extends ShoppingCart> Iterable<S> saveAll(Iterable<S> entities) {
                      ^
  symbol:   class ShoppingCart
  location: class ShoppingCartRepositoryImpl
E:\Practice\Office\shoppingcart\src\main\java\com\example\shoppingcart\repository\impl\nosql\ShoppingCartRepositoryImpl.java:40: error: cannot find symbol
    public Optional<ShoppingCart> findById(String cartId) {
                    ^
  symbol:   class ShoppingCart
  location: class ShoppingCartRepositoryImpl
E:\Practice\Office\shoppingcart\src\main\java\com\example\shoppingcart\repository\impl\nosql\ShoppingCartRepositoryImpl.java:50: error: cannot find symbol
    public Iterable<ShoppingCart> findAll() {
                    ^
  symbol:   class ShoppingCart
  location: class ShoppingCartRepositoryImpl
E:\Practice\Office\shoppingcart\src\main\java\com\example\shoppingcart\repository\impl\nosql\ShoppingCartRepositoryImpl.java:55: error: cannot find symbol
    public Iterable<ShoppingCart> findAllById(Iterable<String> strings) {
                    ^
  symbol:   class ShoppingCart
  location: class ShoppingCartRepositoryImpl
E:\Practice\Office\shoppingcart\src\main\java\com\example\shoppingcart\repository\impl\nosql\ShoppingCartRepositoryImpl.java:74: error: cannot find symbol
    public void delete(ShoppingCart entity) {
                       ^
  symbol:   class ShoppingCart
  location: class ShoppingCartRepositoryImpl
E:\Practice\Office\shoppingcart\src\main\java\com\example\shoppingcart\repository\impl\nosql\ShoppingCartRepositoryImpl.java:84: error: cannot find symbol
    public void deleteAll(Iterable<? extends ShoppingCart> entities) {
                                             ^
  symbol:   class ShoppingCart
  location: class ShoppingCartRepositoryImpl
E:\Practice\Office\shoppingcart\src\main\java\com\example\shoppingcart\repository\impl\nosql\UserRepositoryImpl.java:3: error: cannot find symbol
import com.example.shoppingcart.model.User;
                                     ^
  symbol:   class User
  location: package com.example.shoppingcart.model
E:\Practice\Office\shoppingcart\src\main\java\com\example\shoppingcart\repository\impl\nosql\UserRepositoryImpl.java:16: error: cannot find symbol
    private final DynamoDbTable<User> userTable;
                                ^
  symbol:   class User
  location: class UserRepositoryImpl
E:\Practice\Office\shoppingcart\src\main\java\com\example\shoppingcart\repository\impl\nosql\UserRepositoryImpl.java:17: error: cannot find symbol
    private final Class<User> entityClass;
                        ^
  symbol:   class User
  location: class UserRepositoryImpl
E:\Practice\Office\shoppingcart\src\main\java\com\example\shoppingcart\repository\impl\nosql\UserRepositoryImpl.java:18: error: cannot find symbol
    private final TableSchema<User> tableSchema;
                              ^
  symbol:   class User
  location: class UserRepositoryImpl
E:\Practice\Office\shoppingcart\src\main\java\com\example\shoppingcart\repository\impl\nosql\UserRepositoryImpl.java:33: error: cannot find symbol
    public Class<User> getEntityClass() {
                 ^
  symbol:   class User
  location: class UserRepositoryImpl
E:\Practice\Office\shoppingcart\src\main\java\com\example\shoppingcart\repository\impl\nosql\UserRepositoryImpl.java:38: error: cannot find symbol
    public TableSchema<User> getTableSchema() {
                       ^
  symbol:   class User
  location: class UserRepositoryImpl
E:\Practice\Office\shoppingcart\src\main\java\com\example\shoppingcart\repository\impl\nosql\UserRepositoryImpl.java:43: error: cannot find symbol
    public DynamoDbTable<User> getTable() {
                         ^
  symbol:   class User
  location: class UserRepositoryImpl
E:\Practice\Office\shoppingcart\src\main\java\com\example\shoppingcart\repository\impl\nosql\UserRepositoryImpl.java:48: error: cannot find symbol
    public Optional<User> findByUsername(String username) {
                    ^
  symbol:   class User
  location: class UserRepositoryImpl
E:\Practice\Office\shoppingcart\src\main\java\com\example\shoppingcart\service\discount\BuyXGetYFreeDiscountStrategy.java:3: error: cannot find symbol
import com.example.shoppingcart.model.DiscountRule;
                                     ^
  symbol:   class DiscountRule
  location: package com.example.shoppingcart.model
E:\Practice\Office\shoppingcart\src\main\java\com\example\shoppingcart\service\discount\BuyXGetYFreeDiscountStrategy.java:4: error: cannot find symbol
import com.example.shoppingcart.model.ShoppingCart;
                                     ^
  symbol:   class ShoppingCart
  location: package com.example.shoppingcart.model
E:\Practice\Office\shoppingcart\src\main\java\com\example\shoppingcart\service\discount\DiscountStrategy.java:3: error: cannot find symbol
import com.example.shoppingcart.model.DiscountRule;
                                     ^
  symbol:   class DiscountRule
  location: package com.example.shoppingcart.model
E:\Practice\Office\shoppingcart\src\main\java\com\example\shoppingcart\service\discount\DiscountStrategy.java:4: error: cannot find symbol
import com.example.shoppingcart.model.ShoppingCart;
                                     ^
  symbol:   class ShoppingCart
  location: package com.example.shoppingcart.model
E:\Practice\Office\shoppingcart\src\main\java\com\example\shoppingcart\service\discount\BuyXGetYFreeDiscountStrategy.java:21: error: cannot find symbol
    public BigDecimal apply(ShoppingCart cart, DiscountRule rule) {
                            ^
  symbol:   class ShoppingCart
  location: class BuyXGetYFreeDiscountStrategy
E:\Practice\Office\shoppingcart\src\main\java\com\example\shoppingcart\service\discount\BuyXGetYFreeDiscountStrategy.java:21: error: cannot find symbol
    public BigDecimal apply(ShoppingCart cart, DiscountRule rule) {
                                               ^
  symbol:   class DiscountRule
  location: class BuyXGetYFreeDiscountStrategy
E:\Practice\Office\shoppingcart\src\main\java\com\example\shoppingcart\service\discount\BuyXGetYFreeDiscountStrategy.java:49: error: package ShoppingCart does not exist
    private boolean isApplicable(ShoppingCart.CartItemData item, DiscountRule rule) {
                                             ^
E:\Practice\Office\shoppingcart\src\main\java\com\example\shoppingcart\service\discount\BuyXGetYFreeDiscountStrategy.java:49: error: cannot find symbol
    private boolean isApplicable(ShoppingCart.CartItemData item, DiscountRule rule) {
                                                                 ^
  symbol:   class DiscountRule
  location: class BuyXGetYFreeDiscountStrategy
E:\Practice\Office\shoppingcart\src\main\java\com\example\shoppingcart\service\discount\DiscountStrategy.java:21: error: cannot find symbol
    BigDecimal apply(ShoppingCart cart, DiscountRule rule);
                     ^
  symbol:   class ShoppingCart
  location: interface DiscountStrategy
E:\Practice\Office\shoppingcart\src\main\java\com\example\shoppingcart\service\discount\DiscountStrategy.java:21: error: cannot find symbol
    BigDecimal apply(ShoppingCart cart, DiscountRule rule);
                                        ^
  symbol:   class DiscountRule
  location: interface DiscountStrategy
E:\Practice\Office\shoppingcart\src\main\java\com\example\shoppingcart\service\discount\FlatDiscountStrategy.java:3: error: cannot find symbol
import com.example.shoppingcart.model.DiscountRule;
                                     ^
  symbol:   class DiscountRule
  location: package com.example.shoppingcart.model
E:\Practice\Office\shoppingcart\src\main\java\com\example\shoppingcart\service\discount\FlatDiscountStrategy.java:4: error: cannot find symbol
import com.example.shoppingcart.model.ShoppingCart;
                                     ^
  symbol:   class ShoppingCart
  location: package com.example.shoppingcart.model
E:\Practice\Office\shoppingcart\src\main\java\com\example\shoppingcart\service\discount\FlatDiscountStrategy.java:13: error: cannot find symbol
    public BigDecimal apply(ShoppingCart cart, DiscountRule rule) {
                            ^
  symbol:   class ShoppingCart
  location: class FlatDiscountStrategy
E:\Practice\Office\shoppingcart\src\main\java\com\example\shoppingcart\service\discount\FlatDiscountStrategy.java:13: error: cannot find symbol
    public BigDecimal apply(ShoppingCart cart, DiscountRule rule) {
                                               ^
  symbol:   class DiscountRule
  location: class FlatDiscountStrategy
E:\Practice\Office\shoppingcart\src\main\java\com\example\shoppingcart\service\DiscountStrategy.java:4: error: cannot find symbol
import com.example.shoppingcart.model.DiscountRule;
                                     ^
  symbol:   class DiscountRule
  location: package com.example.shoppingcart.model
E:\Practice\Office\shoppingcart\src\main\java\com\example\shoppingcart\service\DiscountStrategy.java:21: error: cannot find symbol
    CheckoutResponse.DiscountDto applyDiscount(List<CheckoutResponse.CheckoutItemDto> items, DiscountRule rule);
                                                                                             ^
  symbol:   class DiscountRule
  location: interface DiscountStrategy
E:\Practice\Office\shoppingcart\src\main\java\com\example\shoppingcart\service\impl\CartWriteServiceImpl.java:6: error: cannot find symbol
import com.example.shoppingcart.model.ShoppingCart;
                                     ^
  symbol:   class ShoppingCart
  location: package com.example.shoppingcart.model
E:\Practice\Office\shoppingcart\src\main\java\com\example\shoppingcart\service\PriceCalculationService.java:3: error: cannot find symbol
import com.example.shoppingcart.model.ShoppingCart;
                                     ^
  symbol:   class ShoppingCart
  location: package com.example.shoppingcart.model
E:\Practice\Office\shoppingcart\src\main\java\com\example\shoppingcart\service\impl\CartWriteServiceImpl.java:34: error: cannot find symbol
    public ShoppingCart createCart(String userId) {
           ^
  symbol:   class ShoppingCart
  location: class CartWriteServiceImpl
E:\Practice\Office\shoppingcart\src\main\java\com\example\shoppingcart\service\impl\CartWriteServiceImpl.java:56: error: cannot find symbol
    public ShoppingCart addItem(String cartId, String productId, int quantity, int priceInSmallestUnit) {
           ^
  symbol:   class ShoppingCart
  location: class CartWriteServiceImpl
E:\Practice\Office\shoppingcart\src\main\java\com\example\shoppingcart\service\impl\CartWriteServiceImpl.java:93: error: cannot find symbol
    public ShoppingCart removeItem(String cartId, String productId) {
           ^
  symbol:   class ShoppingCart
  location: class CartWriteServiceImpl
E:\Practice\Office\shoppingcart\src\main\java\com\example\shoppingcart\service\impl\CartWriteServiceImpl.java:112: error: cannot find symbol
    public ShoppingCart updateItemQuantity(String cartId, String productId, int quantity) {
           ^
  symbol:   class ShoppingCart
  location: class CartWriteServiceImpl
E:\Practice\Office\shoppingcart\src\main\java\com\example\shoppingcart\service\impl\CartWriteServiceImpl.java:135: error: cannot find symbol
    public ShoppingCart checkout(String cartId) {
           ^
  symbol:   class ShoppingCart
  location: class CartWriteServiceImpl
E:\Practice\Office\shoppingcart\src\main\java\com\example\shoppingcart\service\impl\CartWriteServiceImpl.java:153: error: cannot find symbol
    private ShoppingCart getCart(String cartId) {
            ^
  symbol:   class ShoppingCart
  location: class CartWriteServiceImpl
Note: Some input files use or override a deprecated API.
Note: Recompile with -Xlint:deprecation for details.
Note: Some messages have been simplified; recompile with -Xdiags:verbose to get full output
100 errors

> Task :compileJava FAILED

[Incubating] Problems report is available at: file:///E:/Practice/Office/shoppingcart/build/reports/problems/problems-report.html

FAILURE: Build failed with an exception.

* What went wrong:
Execution failed for task ':compileJava'.
> Compilation failed; see the compiler output below.
  E:\Practice\Office\shoppingcart\src\main\java\com\example\shoppingcart\service\CdcService.java:14: error: a type with the same simple name is already defined by the single-type-import of DiscountRule
  import com.example.shoppingcart.model.dynamo.DiscountRule; // Corrected import
  ^
  E:\Practice\Office\shoppingcart\src\main\java\com\example\shoppingcart\service\CdcService.java:15: error: a type with the same simple name is already defined by the single-type-import of User
  import com.example.shoppingcart.model.dynamo.User; // Corrected import
  ^
  E:\Practice\Office\shoppingcart\src\main\java\com\example\shoppingcart\service\CdcService.java:84: error: reference to DiscountRule is ambiguous
      public void syncDiscountRuleToDynamoDB(DiscountRule postgresDiscountRule) {
                                             ^
    both class com.example.shoppingcart.model.postgres.DiscountRule in com.example.shoppingcart.model.postgres and class com.example.shoppingcart.model.dynamo.DiscountRule in com.example.shoppingcart.model.dynamo match
  E:\Practice\Office\shoppingcart\src\main\java\com\example\shoppingcart\service\CdcService.java:136: error: reference to User is ambiguous
      public void syncUserToDynamoDB(User postgresUser) {
                                     ^
    both class com.example.shoppingcart.model.postgres.User in com.example.shoppingcart.model.postgres and class com.example.shoppingcart.model.dynamo.User in com.example.shoppingcart.model.dynamo match
  Note: Recompile with -Xlint:deprecation for details.
  E:\Practice\Office\shoppingcart\src\main\java\com\example\shoppingcart\config\DynamoDBSchemaConfig.java:3: error: cannot find symbol
  import com.example.shoppingcart.model.DiscountRule;
                                       ^
    symbol:   class DiscountRule
    location: package com.example.shoppingcart.model
  E:\Practice\Office\shoppingcart\src\main\java\com\example\shoppingcart\config\DynamoDBSchemaConfig.java:4: error: cannot find symbol
  import com.example.shoppingcart.model.ProductCatalogItem;
                                       ^
    symbol:   class ProductCatalogItem
    location: package com.example.shoppingcart.model
  E:\Practice\Office\shoppingcart\src\main\java\com\example\shoppingcart\config\DynamoDBSchemaConfig.java:5: error: cannot find symbol
  import com.example.shoppingcart.model.ShoppingCart;
                                       ^
    symbol:   class ShoppingCart
    location: package com.example.shoppingcart.model
  E:\Practice\Office\shoppingcart\src\main\java\com\example\shoppingcart\config\DynamoDBSchemaConfig.java:6: error: cannot find symbol
  import com.example.shoppingcart.model.User;
                                       ^
    symbol:   class User
    location: package com.example.shoppingcart.model
  E:\Practice\Office\shoppingcart\src\main\java\com\example\shoppingcart\service\CartWriteService.java:3: error: cannot find symbol
  import com.example.shoppingcart.model.ShoppingCart;
                                       ^
    symbol:   class ShoppingCart
    location: package com.example.shoppingcart.model
  E:\Practice\Office\shoppingcart\src\main\java\com\example\shoppingcart\service\CartWriteService.java:7: error: cannot find symbol
      ShoppingCart createCart(String userId);
      ^
    symbol:   class ShoppingCart
    location: interface CartWriteService
  E:\Practice\Office\shoppingcart\src\main\java\com\example\shoppingcart\service\CartWriteService.java:9: error: cannot find symbol
      ShoppingCart addItem(String cartId, String productId, int quantity, int priceInSmallestUnit);
      ^
    symbol:   class ShoppingCart
    location: interface CartWriteService
  E:\Practice\Office\shoppingcart\src\main\java\com\example\shoppingcart\service\CartWriteService.java:11: error: cannot find symbol
      ShoppingCart removeItem(String cartId, String productId);
      ^
    symbol:   class ShoppingCart
    location: interface CartWriteService
  E:\Practice\Office\shoppingcart\src\main\java\com\example\shoppingcart\service\CartWriteService.java:13: error: cannot find symbol
      ShoppingCart updateItemQuantity(String cartId, String productId, int quantity);
      ^
    symbol:   class ShoppingCart
    location: interface CartWriteService
  E:\Practice\Office\shoppingcart\src\main\java\com\example\shoppingcart\service\CartWriteService.java:15: error: cannot find symbol
      ShoppingCart checkout(String cartId);
      ^
    symbol:   class ShoppingCart
    location: interface CartWriteService
  E:\Practice\Office\shoppingcart\src\main\java\com\example\shoppingcart\controller\DiscountRuleController.java:5: error: cannot find symbol
  import com.example.shoppingcart.model.DiscountRule;
                                       ^
    symbol:   class DiscountRule
    location: package com.example.shoppingcart.model
  E:\Practice\Office\shoppingcart\src\main\java\com\example\shoppingcart\service\DiscountService.java:5: error: cannot find symbol
  import com.example.shoppingcart.model.ShoppingCart;
                                       ^
    symbol:   class ShoppingCart
    location: package com.example.shoppingcart.model
  E:\Practice\Office\shoppingcart\src\main\java\com\example\shoppingcart\controller\DiscountRuleController.java:43: error: cannot find symbol
      public ResponseEntity<AppApiResponse<DiscountRule>> createDiscountRule(@Valid @RequestBody DiscountRuleDto discountRuleDto) {
                                           ^
    symbol:   class DiscountRule
    location: class DiscountRuleController
  E:\Practice\Office\shoppingcart\src\main\java\com\example\shoppingcart\controller\DiscountRuleController.java:55: error: cannot find symbol
      public ResponseEntity<AppApiResponse<DiscountRule>> getDiscountRuleById(@Parameter(description = "Discount Rule ID", example = "DR12345") @PathVariable String ruleId) {
                                           ^
    symbol:   class DiscountRule
    location: class DiscountRuleController
  E:\Practice\Office\shoppingcart\src\main\java\com\example\shoppingcart\service\DiscountService.java:12: error: cannot find symbol
      BigDecimal calculateTotalDiscount(ShoppingCart cart);
                                        ^
    symbol:   class ShoppingCart
    location: interface DiscountService
  E:\Practice\Office\shoppingcart\src\main\java\com\example\shoppingcart\controller\UserController.java:6: error: cannot find symbol
  import com.example.shoppingcart.model.User;
                                       ^
    symbol:   class User
    location: package com.example.shoppingcart.model
  E:\Practice\Office\shoppingcart\src\main\java\com\example\shoppingcart\controller\UserController.java:38: error: cannot find symbol
      public ResponseEntity<User> registerUser(@Valid @RequestBody UserDto userDto) {
                            ^
    symbol:   class User
    location: class UserController
  E:\Practice\Office\shoppingcart\src\main\java\com\example\shoppingcart\controller\UserController.java:71: error: cannot find symbol
      public ResponseEntity<User> getUserByUsername(@Parameter(description = "Username of the user", example = "john.doe") @PathVariable String username) {
                            ^
    symbol:   class User
    location: class UserController
  E:\Practice\Office\shoppingcart\src\main\java\com\example\shoppingcart\lambda\DynamoStreamHandler.java:9: error: cannot find symbol
      public void handleRequest(DynamodbEvent event, Context context) {
                                ^
    symbol:   class DynamodbEvent
    location: class DynamoStreamHandler
  E:\Practice\Office\shoppingcart\src\main\java\com\example\shoppingcart\lambda\DynamoStreamHandler.java:9: error: cannot find symbol
      public void handleRequest(DynamodbEvent event, Context context) {
                                                     ^
    symbol:   class Context
    location: class DynamoStreamHandler
  E:\Practice\Office\shoppingcart\src\main\java\com\example\shoppingcart\lambda\SqlCdcHandler.java:8: error: cannot find symbol
      public void handleRequest(Object event, Context context) {
                                              ^
    symbol:   class Context
    location: class SqlCdcHandler
  E:\Practice\Office\shoppingcart\src\main\java\com\example\shoppingcart\repository\impl\nosql\CartRepositoryImpl.java:3: error: cannot find symbol
  import com.example.shoppingcart.model.ShoppingCart;
                                       ^
    symbol:   class ShoppingCart
    location: package com.example.shoppingcart.model
  E:\Practice\Office\shoppingcart\src\main\java\com\example\shoppingcart\repository\impl\nosql\CartRepositoryImpl.java:24: error: cannot find symbol
      private final DynamoDbTable<ShoppingCart> cartTable;
                                  ^
    symbol:   class ShoppingCart
    location: class CartRepositoryImpl
  E:\Practice\Office\shoppingcart\src\main\java\com\example\shoppingcart\repository\impl\nosql\CartRepositoryImpl.java:41: error: cannot find symbol
      public Class<ShoppingCart> getEntityClass() {
                   ^
    symbol:   class ShoppingCart
    location: class CartRepositoryImpl
  E:\Practice\Office\shoppingcart\src\main\java\com\example\shoppingcart\repository\impl\nosql\CartRepositoryImpl.java:46: error: cannot find symbol
      public TableSchema<ShoppingCart> getTableSchema() {
                         ^
    symbol:   class ShoppingCart
    location: class CartRepositoryImpl
  E:\Practice\Office\shoppingcart\src\main\java\com\example\shoppingcart\repository\impl\nosql\CartRepositoryImpl.java:51: error: cannot find symbol
      public DynamoDbTable<ShoppingCart> getTable() {
                           ^
    symbol:   class ShoppingCart
    location: class CartRepositoryImpl
  E:\Practice\Office\shoppingcart\src\main\java\com\example\shoppingcart\repository\impl\nosql\CartRepositoryImpl.java:58: error: cannot find symbol
      public Optional<ShoppingCart> findByUserId(String userId) {
                      ^
    symbol:   class ShoppingCart
    location: class CartRepositoryImpl
  E:\Practice\Office\shoppingcart\src\main\java\com\example\shoppingcart\repository\impl\nosql\CartRepositoryImpl.java:75: error: cannot find symbol
      public <S extends ShoppingCart> S save(S entity) {
                        ^
    symbol:   class ShoppingCart
    location: class CartRepositoryImpl
  E:\Practice\Office\shoppingcart\src\main\java\com\example\shoppingcart\repository\impl\nosql\CartRepositoryImpl.java:81: error: cannot find symbol
      public Optional<ShoppingCart> findById(String cartId) {
                      ^
    symbol:   class ShoppingCart
    location: class CartRepositoryImpl
  E:\Practice\Office\shoppingcart\src\main\java\com\example\shoppingcart\repository\impl\nosql\CartRepositoryImpl.java:96: error: cannot find symbol
      public void delete(ShoppingCart entity) {
                         ^
    symbol:   class ShoppingCart
    location: class CartRepositoryImpl
  E:\Practice\Office\shoppingcart\src\main\java\com\example\shoppingcart\repository\impl\nosql\CartRepositoryImpl.java:101: error: cannot find symbol
      public void deleteAll(Iterable<? extends ShoppingCart> entities) {
                                               ^
    symbol:   class ShoppingCart
    location: class CartRepositoryImpl
  E:\Practice\Office\shoppingcart\src\main\java\com\example\shoppingcart\repository\impl\nosql\CartRepositoryImpl.java:108: error: cannot find symbol
      public Iterable<ShoppingCart> findAll() {
                      ^
    symbol:   class ShoppingCart
    location: class CartRepositoryImpl
  E:\Practice\Office\shoppingcart\src\main\java\com\example\shoppingcart\repository\impl\nosql\CartRepositoryImpl.java:113: error: cannot find symbol
      public Iterable<ShoppingCart> findAllById(Iterable<String> strings) {
                      ^
    symbol:   class ShoppingCart
    location: class CartRepositoryImpl
  E:\Practice\Office\shoppingcart\src\main\java\com\example\shoppingcart\repository\impl\nosql\DiscountRuleRepositoryImpl.java:3: error: cannot find symbol
  import com.example.shoppingcart.model.DiscountRule;
                                       ^
    symbol:   class DiscountRule
    location: package com.example.shoppingcart.model
  E:\Practice\Office\shoppingcart\src\main\java\com\example\shoppingcart\repository\impl\nosql\DiscountRuleRepositoryImpl.java:30: error: cannot find symbol
      private final DynamoDbTable<DiscountRule> discountRuleTable;
                                  ^
    symbol:   class DiscountRule
    location: class DiscountRuleRepositoryImpl
  E:\Practice\Office\shoppingcart\src\main\java\com\example\shoppingcart\repository\impl\nosql\DiscountRuleRepositoryImpl.java:46: error: cannot find symbol
      public Class<DiscountRule> getEntityClass() {
                   ^
    symbol:   class DiscountRule
    location: class DiscountRuleRepositoryImpl
  E:\Practice\Office\shoppingcart\src\main\java\com\example\shoppingcart\repository\impl\nosql\DiscountRuleRepositoryImpl.java:51: error: cannot find symbol
      public TableSchema<DiscountRule> getTableSchema() {
                         ^
    symbol:   class DiscountRule
    location: class DiscountRuleRepositoryImpl
  E:\Practice\Office\shoppingcart\src\main\java\com\example\shoppingcart\repository\impl\nosql\DiscountRuleRepositoryImpl.java:56: error: cannot find symbol
      public DynamoDbTable<DiscountRule> getTable() {
                           ^
    symbol:   class DiscountRule
    location: class DiscountRuleRepositoryImpl
  E:\Practice\Office\shoppingcart\src\main\java\com\example\shoppingcart\repository\impl\nosql\DiscountRuleRepositoryImpl.java:63: error: cannot find symbol
      public void saveAll(List<DiscountRule> discountRules) {
                               ^
    symbol:   class DiscountRule
    location: class DiscountRuleRepositoryImpl
  E:\Practice\Office\shoppingcart\src\main\java\com\example\shoppingcart\repository\impl\nosql\DiscountRuleRepositoryImpl.java:71: error: cannot find symbol
      public List<DiscountRule> findActiveAndOrderedRules(String region, String currency) {
                  ^
    symbol:   class DiscountRule
    location: class DiscountRuleRepositoryImpl
  E:\Practice\Office\shoppingcart\src\main\java\com\example\shoppingcart\repository\impl\nosql\DiscountRuleRepositoryImpl.java:102: error: cannot find symbol
      public <S extends DiscountRule> S save(S entity) {
                        ^
    symbol:   class DiscountRule
    location: class DiscountRuleRepositoryImpl
  E:\Practice\Office\shoppingcart\src\main\java\com\example\shoppingcart\repository\impl\nosql\DiscountRuleRepositoryImpl.java:108: error: cannot find symbol
      public Optional<DiscountRule> findById(String ruleId) {
                      ^
    symbol:   class DiscountRule
    location: class DiscountRuleRepositoryImpl
  E:\Practice\Office\shoppingcart\src\main\java\com\example\shoppingcart\repository\impl\nosql\DiscountRuleRepositoryImpl.java:123: error: cannot find symbol
      public void delete(DiscountRule entity) {
                         ^
    symbol:   class DiscountRule
    location: class DiscountRuleRepositoryImpl
  E:\Practice\Office\shoppingcart\src\main\java\com\example\shoppingcart\repository\impl\nosql\DiscountRuleRepositoryImpl.java:128: error: cannot find symbol
      public void deleteAll(Iterable<? extends DiscountRule> entities) {
                                               ^
    symbol:   class DiscountRule
    location: class DiscountRuleRepositoryImpl
  E:\Practice\Office\shoppingcart\src\main\java\com\example\shoppingcart\repository\impl\nosql\DiscountRuleRepositoryImpl.java:135: error: cannot find symbol
      public Iterable<DiscountRule> findAll() {
                      ^
    symbol:   class DiscountRule
    location: class DiscountRuleRepositoryImpl
  E:\Practice\Office\shoppingcart\src\main\java\com\example\shoppingcart\repository\impl\nosql\DiscountRuleRepositoryImpl.java:140: error: cannot find symbol
      public Iterable<DiscountRule> findAllById(Iterable<String> strings) {
                      ^
    symbol:   class DiscountRule
    location: class DiscountRuleRepositoryImpl
  E:\Practice\Office\shoppingcart\src\main\java\com\example\shoppingcart\repository\impl\nosql\ProductInventoryRepositoryImpl.java:3: error: cannot find symbol
  import com.example.shoppingcart.model.ProductCatalogItem;
                                       ^
    symbol:   class ProductCatalogItem
    location: package com.example.shoppingcart.model
  E:\Practice\Office\shoppingcart\src\main\java\com\example\shoppingcart\repository\impl\nosql\ProductInventoryRepositoryImpl.java:50: error: cannot find symbol
      private ProductInventory toProductInventory(ProductCatalogItem item) {
                                                  ^
    symbol:   class ProductCatalogItem
    location: class ProductInventoryRepositoryImpl
  E:\Practice\Office\shoppingcart\src\main\java\com\example\shoppingcart\repository\impl\nosql\ProductInventoryRepositoryImpl.java:58: error: cannot find symbol
      private ProductCatalogItem toCatalogItem(ProductInventory inventory) {
              ^
    symbol:   class ProductCatalogItem
    location: class ProductInventoryRepositoryImpl
  E:\Practice\Office\shoppingcart\src\main\java\com\example\shoppingcart\repository\impl\nosql\ProductPriceRepositoryImpl.java:3: error: cannot find symbol
  import com.example.shoppingcart.model.ProductCatalogItem;
                                       ^
    symbol:   class ProductCatalogItem
    location: package com.example.shoppingcart.model
  E:\Practice\Office\shoppingcart\src\main\java\com\example\shoppingcart\repository\impl\nosql\ProductPriceRepositoryImpl.java:50: error: cannot find symbol
      private ProductPrice toProductPrice(ProductCatalogItem item) {
                                          ^
    symbol:   class ProductCatalogItem
    location: class ProductPriceRepositoryImpl
  E:\Practice\Office\shoppingcart\src\main\java\com\example\shoppingcart\repository\impl\nosql\ProductPriceRepositoryImpl.java:59: error: cannot find symbol
      private ProductCatalogItem toCatalogItem(ProductPrice price) {
              ^
    symbol:   class ProductCatalogItem
    location: class ProductPriceRepositoryImpl
  E:\Practice\Office\shoppingcart\src\main\java\com\example\shoppingcart\repository\impl\nosql\ShoppingCartRepositoryImpl.java:3: error: cannot find symbol
  import com.example.shoppingcart.model.ShoppingCart;
                                       ^
    symbol:   class ShoppingCart
    location: package com.example.shoppingcart.model
  E:\Practice\Office\shoppingcart\src\main\java\com\example\shoppingcart\repository\impl\nosql\ShoppingCartRepositoryImpl.java:19: error: cannot find symbol
      private final DynamoDbTable<ShoppingCart> cartTable;
                                  ^
    symbol:   class ShoppingCart
    location: class ShoppingCartRepositoryImpl
  E:\Practice\Office\shoppingcart\src\main\java\com\example\shoppingcart\repository\impl\nosql\ShoppingCartRepositoryImpl.java:28: error: cannot find symbol
      public <S extends ShoppingCart> S save(S entity) {
                        ^
    symbol:   class ShoppingCart
    location: class ShoppingCartRepositoryImpl
  E:\Practice\Office\shoppingcart\src\main\java\com\example\shoppingcart\repository\impl\nosql\ShoppingCartRepositoryImpl.java:34: error: cannot find symbol
      public <S extends ShoppingCart> Iterable<S> saveAll(Iterable<S> entities) {
                        ^
    symbol:   class ShoppingCart
    location: class ShoppingCartRepositoryImpl
  E:\Practice\Office\shoppingcart\src\main\java\com\example\shoppingcart\repository\impl\nosql\ShoppingCartRepositoryImpl.java:40: error: cannot find symbol
      public Optional<ShoppingCart> findById(String cartId) {
                      ^
    symbol:   class ShoppingCart
    location: class ShoppingCartRepositoryImpl
  E:\Practice\Office\shoppingcart\src\main\java\com\example\shoppingcart\repository\impl\nosql\ShoppingCartRepositoryImpl.java:50: error: cannot find symbol
      public Iterable<ShoppingCart> findAll() {
                      ^
    symbol:   class ShoppingCart
    location: class ShoppingCartRepositoryImpl
  E:\Practice\Office\shoppingcart\src\main\java\com\example\shoppingcart\repository\impl\nosql\ShoppingCartRepositoryImpl.java:55: error: cannot find symbol
      public Iterable<ShoppingCart> findAllById(Iterable<String> strings) {
                      ^
    symbol:   class ShoppingCart
    location: class ShoppingCartRepositoryImpl
  E:\Practice\Office\shoppingcart\src\main\java\com\example\shoppingcart\repository\impl\nosql\ShoppingCartRepositoryImpl.java:74: error: cannot find symbol
      public void delete(ShoppingCart entity) {
                         ^
    symbol:   class ShoppingCart
    location: class ShoppingCartRepositoryImpl
  E:\Practice\Office\shoppingcart\src\main\java\com\example\shoppingcart\repository\impl\nosql\ShoppingCartRepositoryImpl.java:84: error: cannot find symbol
      public void deleteAll(Iterable<? extends ShoppingCart> entities) {
                                               ^
    symbol:   class ShoppingCart
    location: class ShoppingCartRepositoryImpl
  E:\Practice\Office\shoppingcart\src\main\java\com\example\shoppingcart\repository\impl\nosql\UserRepositoryImpl.java:3: error: cannot find symbol
  import com.example.shoppingcart.model.User;
                                       ^
    symbol:   class User
    location: package com.example.shoppingcart.model
  E:\Practice\Office\shoppingcart\src\main\java\com\example\shoppingcart\repository\impl\nosql\UserRepositoryImpl.java:16: error: cannot find symbol
      private final DynamoDbTable<User> userTable;
                                  ^
    symbol:   class User
    location: class UserRepositoryImpl
  E:\Practice\Office\shoppingcart\src\main\java\com\example\shoppingcart\repository\impl\nosql\UserRepositoryImpl.java:17: error: cannot find symbol
      private final Class<User> entityClass;
                          ^
    symbol:   class User
    location: class UserRepositoryImpl
  E:\Practice\Office\shoppingcart\src\main\java\com\example\shoppingcart\repository\impl\nosql\UserRepositoryImpl.java:18: error: cannot find symbol
      private final TableSchema<User> tableSchema;
                                ^
    symbol:   class User
    location: class UserRepositoryImpl
  E:\Practice\Office\shoppingcart\src\main\java\com\example\shoppingcart\repository\impl\nosql\UserRepositoryImpl.java:33: error: cannot find symbol
      public Class<User> getEntityClass() {
                   ^
    symbol:   class User
    location: class UserRepositoryImpl
  E:\Practice\Office\shoppingcart\src\main\java\com\example\shoppingcart\repository\impl\nosql\UserRepositoryImpl.java:38: error: cannot find symbol
      public TableSchema<User> getTableSchema() {
                         ^
    symbol:   class User
    location: class UserRepositoryImpl
  E:\Practice\Office\shoppingcart\src\main\java\com\example\shoppingcart\repository\impl\nosql\UserRepositoryImpl.java:43: error: cannot find symbol
      public DynamoDbTable<User> getTable() {
                           ^
    symbol:   class User
    location: class UserRepositoryImpl
  E:\Practice\Office\shoppingcart\src\main\java\com\example\shoppingcart\repository\impl\nosql\UserRepositoryImpl.java:48: error: cannot find symbol
      public Optional<User> findByUsername(String username) {
                      ^
    symbol:   class User
    location: class UserRepositoryImpl
  E:\Practice\Office\shoppingcart\src\main\java\com\example\shoppingcart\service\discount\BuyXGetYFreeDiscountStrategy.java:3: error: cannot find symbol
  import com.example.shoppingcart.model.DiscountRule;
                                       ^
    symbol:   class DiscountRule
    location: package com.example.shoppingcart.model
  E:\Practice\Office\shoppingcart\src\main\java\com\example\shoppingcart\service\discount\BuyXGetYFreeDiscountStrategy.java:4: error: cannot find symbol
  import com.example.shoppingcart.model.ShoppingCart;
                                       ^
    symbol:   class ShoppingCart
    location: package com.example.shoppingcart.model
  E:\Practice\Office\shoppingcart\src\main\java\com\example\shoppingcart\service\discount\DiscountStrategy.java:3: error: cannot find symbol
  import com.example.shoppingcart.model.DiscountRule;
                                       ^
    symbol:   class DiscountRule
    location: package com.example.shoppingcart.model
  E:\Practice\Office\shoppingcart\src\main\java\com\example\shoppingcart\service\discount\DiscountStrategy.java:4: error: cannot find symbol
  import com.example.shoppingcart.model.ShoppingCart;
                                       ^
    symbol:   class ShoppingCart
    location: package com.example.shoppingcart.model
  E:\Practice\Office\shoppingcart\src\main\java\com\example\shoppingcart\service\discount\BuyXGetYFreeDiscountStrategy.java:21: error: cannot find symbol
      public BigDecimal apply(ShoppingCart cart, DiscountRule rule) {
                              ^
    symbol:   class ShoppingCart
    location: class BuyXGetYFreeDiscountStrategy
  E:\Practice\Office\shoppingcart\src\main\java\com\example\shoppingcart\service\discount\BuyXGetYFreeDiscountStrategy.java:21: error: cannot find symbol
      public BigDecimal apply(ShoppingCart cart, DiscountRule rule) {
                                                 ^
    symbol:   class DiscountRule
    location: class BuyXGetYFreeDiscountStrategy
  E:\Practice\Office\shoppingcart\src\main\java\com\example\shoppingcart\service\discount\BuyXGetYFreeDiscountStrategy.java:49: error: cannot find symbol
      private boolean isApplicable(ShoppingCart.CartItemData item, DiscountRule rule) {
                                                                   ^
    symbol:   class DiscountRule
    location: class BuyXGetYFreeDiscountStrategy
  E:\Practice\Office\shoppingcart\src\main\java\com\example\shoppingcart\service\discount\DiscountStrategy.java:21: error: cannot find symbol
      BigDecimal apply(ShoppingCart cart, DiscountRule rule);
                       ^
    symbol:   class ShoppingCart
    location: interface DiscountStrategy
  E:\Practice\Office\shoppingcart\src\main\java\com\example\shoppingcart\service\discount\DiscountStrategy.java:21: error: cannot find symbol
      BigDecimal apply(ShoppingCart cart, DiscountRule rule);
                                          ^
    symbol:   class DiscountRule
    location: interface DiscountStrategy
  E:\Practice\Office\shoppingcart\src\main\java\com\example\shoppingcart\service\discount\FlatDiscountStrategy.java:3: error: cannot find symbol
  import com.example.shoppingcart.model.DiscountRule;
                                       ^
    symbol:   class DiscountRule
    location: package com.example.shoppingcart.model
  E:\Practice\Office\shoppingcart\src\main\java\com\example\shoppingcart\service\discount\FlatDiscountStrategy.java:4: error: cannot find symbol
  import com.example.shoppingcart.model.ShoppingCart;
                                       ^
    symbol:   class ShoppingCart
    location: package com.example.shoppingcart.model
  E:\Practice\Office\shoppingcart\src\main\java\com\example\shoppingcart\service\discount\FlatDiscountStrategy.java:13: error: cannot find symbol
      public BigDecimal apply(ShoppingCart cart, DiscountRule rule) {
                              ^
    symbol:   class ShoppingCart
    location: class FlatDiscountStrategy
  E:\Practice\Office\shoppingcart\src\main\java\com\example\shoppingcart\service\discount\FlatDiscountStrategy.java:13: error: cannot find symbol
      public BigDecimal apply(ShoppingCart cart, DiscountRule rule) {
                                                 ^
    symbol:   class DiscountRule
    location: class FlatDiscountStrategy
  E:\Practice\Office\shoppingcart\src\main\java\com\example\shoppingcart\service\DiscountStrategy.java:4: error: cannot find symbol
  import com.example.shoppingcart.model.DiscountRule;
                                       ^
    symbol:   class DiscountRule
    location: package com.example.shoppingcart.model
  E:\Practice\Office\shoppingcart\src\main\java\com\example\shoppingcart\service\DiscountStrategy.java:21: error: cannot find symbol
      CheckoutResponse.DiscountDto applyDiscount(List<CheckoutResponse.CheckoutItemDto> items, DiscountRule rule);
                                                                                               ^
    symbol:   class DiscountRule
    location: interface DiscountStrategy
  E:\Practice\Office\shoppingcart\src\main\java\com\example\shoppingcart\service\impl\CartWriteServiceImpl.java:6: error: cannot find symbol
  import com.example.shoppingcart.model.ShoppingCart;
                                       ^
    symbol:   class ShoppingCart
    location: package com.example.shoppingcart.model
  E:\Practice\Office\shoppingcart\src\main\java\com\example\shoppingcart\service\PriceCalculationService.java:3: error: cannot find symbol
  import com.example.shoppingcart.model.ShoppingCart;
                                       ^
    symbol:   class ShoppingCart
    location: package com.example.shoppingcart.model
  E:\Practice\Office\shoppingcart\src\main\java\com\example\shoppingcart\service\impl\CartWriteServiceImpl.java:34: error: cannot find symbol
      public ShoppingCart createCart(String userId) {
             ^
    symbol:   class ShoppingCart
    location: class CartWriteServiceImpl
  E:\Practice\Office\shoppingcart\src\main\java\com\example\shoppingcart\service\impl\CartWriteServiceImpl.java:56: error: cannot find symbol
      public ShoppingCart addItem(String cartId, String productId, int quantity, int priceInSmallestUnit) {
             ^
    symbol:   class ShoppingCart
    location: class CartWriteServiceImpl
  E:\Practice\Office\shoppingcart\src\main\java\com\example\shoppingcart\service\impl\CartWriteServiceImpl.java:93: error: cannot find symbol
      public ShoppingCart removeItem(String cartId, String productId) {
             ^
    symbol:   class ShoppingCart
    location: class CartWriteServiceImpl
  E:\Practice\Office\shoppingcart\src\main\java\com\example\shoppingcart\service\impl\CartWriteServiceImpl.java:112: error: cannot find symbol
      public ShoppingCart updateItemQuantity(String cartId, String productId, int quantity) {
             ^
    symbol:   class ShoppingCart
    location: class CartWriteServiceImpl
  E:\Practice\Office\shoppingcart\src\main\java\com\example\shoppingcart\service\impl\CartWriteServiceImpl.java:135: error: cannot find symbol
      public ShoppingCart checkout(String cartId) {
             ^
    symbol:   class ShoppingCart
    location: class CartWriteServiceImpl
  E:\Practice\Office\shoppingcart\src\main\java\com\example\shoppingcart\service\impl\CartWriteServiceImpl.java:153: error: cannot find symbol
      private ShoppingCart getCart(String cartId) {
              ^
    symbol:   class ShoppingCart
    location: class CartWriteServiceImpl
  Note: Some input files use or override a deprecated API.
  Note: Some messages have been simplified; recompile with -Xdiags:verbose to get full output
  E:\Practice\Office\shoppingcart\src\main\java\com\example\shoppingcart\lambda\DynamoStreamHandler.java:3: error: package com.amazonaws.services.lambda.runtime does not exist
  import com.amazonaws.services.lambda.runtime.Context;
                                              ^
  E:\Practice\Office\shoppingcart\src\main\java\com\example\shoppingcart\lambda\DynamoStreamHandler.java:4: error: package com.amazonaws.services.lambda.runtime.events does not exist
  import com.amazonaws.services.lambda.runtime.events.DynamodbEvent;
                                                     ^
  E:\Practice\Office\shoppingcart\src\main\java\com\example\shoppingcart\lambda\SqlCdcHandler.java:3: error: package com.amazonaws.services.lambda.runtime does not exist
  import com.amazonaws.services.lambda.runtime.Context;
                                              ^
  E:\Practice\Office\shoppingcart\src\main\java\com\example\shoppingcart\service\discount\BuyXGetYFreeDiscountStrategy.java:49: error: package ShoppingCart does not exist
      private boolean isApplicable(ShoppingCart.CartItemData item, DiscountRule rule) {
                                               ^
  100 errors

* Try:
> Check your code and dependencies to fix the compilation error(s)
> Run with --scan to get full insights.

* Exception is:
org.gradle.api.tasks.TaskExecutionException: Execution failed for task ':compileJava'.
	at org.gradle.api.internal.tasks.execution.ExecuteActionsTaskExecuter.lambda$executeIfValid$1(ExecuteActionsTaskExecuter.java:130)
	at org.gradle.internal.Try$Failure.ifSuccessfulOrElse(Try.java:293)
	at org.gradle.api.internal.tasks.execution.ExecuteActionsTaskExecuter.executeIfValid(ExecuteActionsTaskExecuter.java:128)
	at org.gradle.api.internal.tasks.execution.ExecuteActionsTaskExecuter.execute(ExecuteActionsTaskExecuter.java:116)
	at org.gradle.api.internal.tasks.execution.ProblemsTaskPathTrackingTaskExecuter.execute(ProblemsTaskPathTrackingTaskExecuter.java:41)
	at org.gradle.api.internal.tasks.execution.FinalizePropertiesTaskExecuter.execute(FinalizePropertiesTaskExecuter.java:46)
	at org.gradle.api.internal.tasks.execution.ResolveTaskExecutionModeExecuter.execute(ResolveTaskExecutionModeExecuter.java:51)
	at org.gradle.api.internal.tasks.execution.SkipTaskWithNoActionsExecuter.execute(SkipTaskWithNoActionsExecuter.java:57)
	at org.gradle.api.internal.tasks.execution.SkipOnlyIfTaskExecuter.execute(SkipOnlyIfTaskExecuter.java:74)
	at org.gradle.api.internal.tasks.execution.CatchExceptionTaskExecuter.execute(CatchExceptionTaskExecuter.java:36)
	at org.gradle.api.internal.tasks.execution.EventFiringTaskExecuter$1.executeTask(EventFiringTaskExecuter.java:77)
	at org.gradle.api.internal.tasks.execution.EventFiringTaskExecuter$1.call(EventFiringTaskExecuter.java:55)
	at org.gradle.api.internal.tasks.execution.EventFiringTaskExecuter$1.call(EventFiringTaskExecuter.java:52)
	at org.gradle.internal.operations.DefaultBuildOperationRunner$CallableBuildOperationWorker.execute(DefaultBuildOperationRunner.java:210)
	at org.gradle.internal.operations.DefaultBuildOperationRunner$CallableBuildOperationWorker.execute(DefaultBuildOperationRunner.java:205)
	at org.gradle.internal.operations.DefaultBuildOperationRunner$2.execute(DefaultBuildOperationRunner.java:67)
	at org.gradle.internal.operations.DefaultBuildOperationRunner$2.execute(DefaultBuildOperationRunner.java:60)
	at org.gradle.internal.operations.DefaultBuildOperationRunner.execute(DefaultBuildOperationRunner.java:167)
	at org.gradle.internal.operations.DefaultBuildOperationRunner.execute(DefaultBuildOperationRunner.java:60)
	at org.gradle.internal.operations.DefaultBuildOperationRunner.call(DefaultBuildOperationRunner.java:54)
	at org.gradle.api.internal.tasks.execution.EventFiringTaskExecuter.execute(EventFiringTaskExecuter.java:52)
	at org.gradle.execution.plan.LocalTaskNodeExecutor.execute(LocalTaskNodeExecutor.java:42)
	at org.gradle.execution.taskgraph.DefaultTaskExecutionGraph$InvokeNodeExecutorsAction.execute(DefaultTaskExecutionGraph.java:331)
	at org.gradle.execution.taskgraph.DefaultTaskExecutionGraph$InvokeNodeExecutorsAction.execute(DefaultTaskExecutionGraph.java:318)
	at org.gradle.execution.taskgraph.DefaultTaskExecutionGraph$BuildOperationAwareExecutionAction.lambda$execute$0(DefaultTaskExecutionGraph.java:314)
	at org.gradle.internal.operations.CurrentBuildOperationRef.with(CurrentBuildOperationRef.java:85)
	at org.gradle.execution.taskgraph.DefaultTaskExecutionGraph$BuildOperationAwareExecutionAction.execute(DefaultTaskExecutionGraph.java:314)
	at org.gradle.execution.taskgraph.DefaultTaskExecutionGraph$BuildOperationAwareExecutionAction.execute(DefaultTaskExecutionGraph.java:303)
	at org.gradle.execution.plan.DefaultPlanExecutor$ExecutorWorker.execute(DefaultPlanExecutor.java:459)
	at org.gradle.execution.plan.DefaultPlanExecutor$ExecutorWorker.run(DefaultPlanExecutor.java:376)
	at org.gradle.execution.plan.DefaultPlanExecutor.process(DefaultPlanExecutor.java:111)
	at org.gradle.execution.taskgraph.DefaultTaskExecutionGraph.executeWithServices(DefaultTaskExecutionGraph.java:138)
	at org.gradle.execution.taskgraph.DefaultTaskExecutionGraph.execute(DefaultTaskExecutionGraph.java:123)
	at org.gradle.execution.SelectedTaskExecutionAction.execute(SelectedTaskExecutionAction.java:35)
	at org.gradle.execution.DryRunBuildExecutionAction.execute(DryRunBuildExecutionAction.java:51)
	at org.gradle.execution.BuildOperationFiringBuildWorkerExecutor$ExecuteTasks.call(BuildOperationFiringBuildWorkerExecutor.java:54)
	at org.gradle.execution.BuildOperationFiringBuildWorkerExecutor$ExecuteTasks.call(BuildOperationFiringBuildWorkerExecutor.java:43)
	at org.gradle.internal.operations.DefaultBuildOperationRunner$CallableBuildOperationWorker.execute(DefaultBuildOperationRunner.java:210)
	at org.gradle.internal.operations.DefaultBuildOperationRunner$CallableBuildOperationWorker.execute(DefaultBuildOperationRunner.java:205)
	at org.gradle.internal.operations.DefaultBuildOperationRunner$2.execute(DefaultBuildOperationRunner.java:67)
	at org.gradle.internal.operations.DefaultBuildOperationRunner$2.execute(DefaultBuildOperationRunner.java:60)
	at org.gradle.internal.operations.DefaultBuildOperationRunner.execute(DefaultBuildOperationRunner.java:167)
	at org.gradle.internal.operations.DefaultBuildOperationRunner.execute(DefaultBuildOperationRunner.java:60)
	at org.gradle.internal.operations.DefaultBuildOperationRunner.call(DefaultBuildOperationRunner.java:54)
	at org.gradle.execution.BuildOperationFiringBuildWorkerExecutor.execute(BuildOperationFiringBuildWorkerExecutor.java:40)
	at org.gradle.internal.build.DefaultBuildLifecycleController.lambda$executeTasks$10(DefaultBuildLifecycleController.java:313)
	at org.gradle.internal.model.StateTransitionController.doTransition(StateTransitionController.java:266)
	at org.gradle.internal.model.StateTransitionController.lambda$tryTransition$8(StateTransitionController.java:177)
	at org.gradle.internal.work.DefaultSynchronizer.withLock(DefaultSynchronizer.java:46)
	at org.gradle.internal.model.StateTransitionController.tryTransition(StateTransitionController.java:177)
	at org.gradle.internal.build.DefaultBuildLifecycleController.executeTasks(DefaultBuildLifecycleController.java:304)
	at org.gradle.internal.build.DefaultBuildWorkGraphController$DefaultBuildWorkGraph.runWork(DefaultBuildWorkGraphController.java:220)
	at org.gradle.internal.work.DefaultWorkerLeaseService.withLocks(DefaultWorkerLeaseService.java:263)
	at org.gradle.internal.work.DefaultWorkerLeaseService.runAsWorkerThread(DefaultWorkerLeaseService.java:127)
	at org.gradle.composite.internal.DefaultBuildController.doRun(DefaultBuildController.java:181)
	at org.gradle.composite.internal.DefaultBuildController.access$000(DefaultBuildController.java:50)
	at org.gradle.composite.internal.DefaultBuildController$BuildOpRunnable.lambda$run$0(DefaultBuildController.java:198)
	at org.gradle.internal.operations.CurrentBuildOperationRef.with(CurrentBuildOperationRef.java:85)
	at org.gradle.composite.internal.DefaultBuildController$BuildOpRunnable.run(DefaultBuildController.java:198)
	at org.gradle.internal.concurrent.ExecutorPolicy$CatchAndRecordFailures.onExecute(ExecutorPolicy.java:64)
	at org.gradle.internal.concurrent.AbstractManagedExecutor$1.run(AbstractManagedExecutor.java:48)
Caused by: org.gradle.api.internal.tasks.compile.CompilationFailedException: Compilation failed; see the compiler output below.
E:\Practice\Office\shoppingcart\src\main\java\com\example\shoppingcart\service\CdcService.java:14: error: a type with the same simple name is already defined by the single-type-import of DiscountRule
import com.example.shoppingcart.model.dynamo.DiscountRule; // Corrected import
^
E:\Practice\Office\shoppingcart\src\main\java\com\example\shoppingcart\service\CdcService.java:15: error: a type with the same simple name is already defined by the single-type-import of User
import com.example.shoppingcart.model.dynamo.User; // Corrected import
^
E:\Practice\Office\shoppingcart\src\main\java\com\example\shoppingcart\service\CdcService.java:84: error: reference to DiscountRule is ambiguous
    public void syncDiscountRuleToDynamoDB(DiscountRule postgresDiscountRule) {
                                           ^
  both class com.example.shoppingcart.model.postgres.DiscountRule in com.example.shoppingcart.model.postgres and class com.example.shoppingcart.model.dynamo.DiscountRule in com.example.shoppingcart.model.dynamo match
E:\Practice\Office\shoppingcart\src\main\java\com\example\shoppingcart\service\CdcService.java:136: error: reference to User is ambiguous
    public void syncUserToDynamoDB(User postgresUser) {
                                   ^
  both class com.example.shoppingcart.model.postgres.User in com.example.shoppingcart.model.postgres and class com.example.shoppingcart.model.dynamo.User in com.example.shoppingcart.model.dynamo match
Note: Recompile with -Xlint:deprecation for details.
E:\Practice\Office\shoppingcart\src\main\java\com\example\shoppingcart\config\DynamoDBSchemaConfig.java:3: error: cannot find symbol
import com.example.shoppingcart.model.DiscountRule;
                                     ^
  symbol:   class DiscountRule
  location: package com.example.shoppingcart.model
E:\Practice\Office\shoppingcart\src\main\java\com\example\shoppingcart\config\DynamoDBSchemaConfig.java:4: error: cannot find symbol
import com.example.shoppingcart.model.ProductCatalogItem;
                                     ^
  symbol:   class ProductCatalogItem
  location: package com.example.shoppingcart.model
E:\Practice\Office\shoppingcart\src\main\java\com\example\shoppingcart\config\DynamoDBSchemaConfig.java:5: error: cannot find symbol
import com.example.shoppingcart.model.ShoppingCart;
                                     ^
  symbol:   class ShoppingCart
  location: package com.example.shoppingcart.model
E:\Practice\Office\shoppingcart\src\main\java\com\example\shoppingcart\config\DynamoDBSchemaConfig.java:6: error: cannot find symbol
import com.example.shoppingcart.model.User;
                                     ^
  symbol:   class User
  location: package com.example.shoppingcart.model
E:\Practice\Office\shoppingcart\src\main\java\com\example\shoppingcart\service\CartWriteService.java:3: error: cannot find symbol
import com.example.shoppingcart.model.ShoppingCart;
                                     ^
  symbol:   class ShoppingCart
  location: package com.example.shoppingcart.model
E:\Practice\Office\shoppingcart\src\main\java\com\example\shoppingcart\service\CartWriteService.java:7: error: cannot find symbol
    ShoppingCart createCart(String userId);
    ^
  symbol:   class ShoppingCart
  location: interface CartWriteService
E:\Practice\Office\shoppingcart\src\main\java\com\example\shoppingcart\service\CartWriteService.java:9: error: cannot find symbol
    ShoppingCart addItem(String cartId, String productId, int quantity, int priceInSmallestUnit);
    ^
  symbol:   class ShoppingCart
  location: interface CartWriteService
E:\Practice\Office\shoppingcart\src\main\java\com\example\shoppingcart\service\CartWriteService.java:11: error: cannot find symbol
    ShoppingCart removeItem(String cartId, String productId);
    ^
  symbol:   class ShoppingCart
  location: interface CartWriteService
E:\Practice\Office\shoppingcart\src\main\java\com\example\shoppingcart\service\CartWriteService.java:13: error: cannot find symbol
    ShoppingCart updateItemQuantity(String cartId, String productId, int quantity);
    ^
  symbol:   class ShoppingCart
  location: interface CartWriteService
E:\Practice\Office\shoppingcart\src\main\java\com\example\shoppingcart\service\CartWriteService.java:15: error: cannot find symbol
    ShoppingCart checkout(String cartId);
    ^
  symbol:   class ShoppingCart
  location: interface CartWriteService
E:\Practice\Office\shoppingcart\src\main\java\com\example\shoppingcart\controller\DiscountRuleController.java:5: error: cannot find symbol
import com.example.shoppingcart.model.DiscountRule;
                                     ^
  symbol:   class DiscountRule
  location: package com.example.shoppingcart.model
E:\Practice\Office\shoppingcart\src\main\java\com\example\shoppingcart\service\DiscountService.java:5: error: cannot find symbol
import com.example.shoppingcart.model.ShoppingCart;
                                     ^
  symbol:   class ShoppingCart
  location: package com.example.shoppingcart.model
E:\Practice\Office\shoppingcart\src\main\java\com\example\shoppingcart\controller\DiscountRuleController.java:43: error: cannot find symbol
    public ResponseEntity<AppApiResponse<DiscountRule>> createDiscountRule(@Valid @RequestBody DiscountRuleDto discountRuleDto) {
                                         ^
  symbol:   class DiscountRule
  location: class DiscountRuleController
E:\Practice\Office\shoppingcart\src\main\java\com\example\shoppingcart\controller\DiscountRuleController.java:55: error: cannot find symbol
    public ResponseEntity<AppApiResponse<DiscountRule>> getDiscountRuleById(@Parameter(description = "Discount Rule ID", example = "DR12345") @PathVariable String ruleId) {
                                         ^
  symbol:   class DiscountRule
  location: class DiscountRuleController
E:\Practice\Office\shoppingcart\src\main\java\com\example\shoppingcart\service\DiscountService.java:12: error: cannot find symbol
    BigDecimal calculateTotalDiscount(ShoppingCart cart);
                                      ^
  symbol:   class ShoppingCart
  location: interface DiscountService
E:\Practice\Office\shoppingcart\src\main\java\com\example\shoppingcart\controller\UserController.java:6: error: cannot find symbol
import com.example.shoppingcart.model.User;
                                     ^
  symbol:   class User
  location: package com.example.shoppingcart.model
E:\Practice\Office\shoppingcart\src\main\java\com\example\shoppingcart\controller\UserController.java:38: error: cannot find symbol
    public ResponseEntity<User> registerUser(@Valid @RequestBody UserDto userDto) {
                          ^
  symbol:   class User
  location: class UserController
E:\Practice\Office\shoppingcart\src\main\java\com\example\shoppingcart\controller\UserController.java:71: error: cannot find symbol
    public ResponseEntity<User> getUserByUsername(@Parameter(description = "Username of the user", example = "john.doe") @PathVariable String username) {
                          ^
  symbol:   class User
  location: class UserController
E:\Practice\Office\shoppingcart\src\main\java\com\example\shoppingcart\lambda\DynamoStreamHandler.java:9: error: cannot find symbol
    public void handleRequest(DynamodbEvent event, Context context) {
                              ^
  symbol:   class DynamodbEvent
  location: class DynamoStreamHandler
E:\Practice\Office\shoppingcart\src\main\java\com\example\shoppingcart\lambda\DynamoStreamHandler.java:9: error: cannot find symbol
    public void handleRequest(DynamodbEvent event, Context context) {
                                                   ^
  symbol:   class Context
  location: class DynamoStreamHandler
E:\Practice\Office\shoppingcart\src\main\java\com\example\shoppingcart\lambda\SqlCdcHandler.java:8: error: cannot find symbol
    public void handleRequest(Object event, Context context) {
                                            ^
  symbol:   class Context
  location: class SqlCdcHandler
E:\Practice\Office\shoppingcart\src\main\java\com\example\shoppingcart\repository\impl\nosql\CartRepositoryImpl.java:3: error: cannot find symbol
import com.example.shoppingcart.model.ShoppingCart;
                                     ^
  symbol:   class ShoppingCart
  location: package com.example.shoppingcart.model
E:\Practice\Office\shoppingcart\src\main\java\com\example\shoppingcart\repository\impl\nosql\CartRepositoryImpl.java:24: error: cannot find symbol
    private final DynamoDbTable<ShoppingCart> cartTable;
                                ^
  symbol:   class ShoppingCart
  location: class CartRepositoryImpl
E:\Practice\Office\shoppingcart\src\main\java\com\example\shoppingcart\repository\impl\nosql\CartRepositoryImpl.java:41: error: cannot find symbol
    public Class<ShoppingCart> getEntityClass() {
                 ^
  symbol:   class ShoppingCart
  location: class CartRepositoryImpl
E:\Practice\Office\shoppingcart\src\main\java\com\example\shoppingcart\repository\impl\nosql\CartRepositoryImpl.java:46: error: cannot find symbol
    public TableSchema<ShoppingCart> getTableSchema() {
                       ^
  symbol:   class ShoppingCart
  location: class CartRepositoryImpl
E:\Practice\Office\shoppingcart\src\main\java\com\example\shoppingcart\repository\impl\nosql\CartRepositoryImpl.java:51: error: cannot find symbol
    public DynamoDbTable<ShoppingCart> getTable() {
                         ^
  symbol:   class ShoppingCart
  location: class CartRepositoryImpl
E:\Practice\Office\shoppingcart\src\main\java\com\example\shoppingcart\repository\impl\nosql\CartRepositoryImpl.java:58: error: cannot find symbol
    public Optional<ShoppingCart> findByUserId(String userId) {
                    ^
  symbol:   class ShoppingCart
  location: class CartRepositoryImpl
E:\Practice\Office\shoppingcart\src\main\java\com\example\shoppingcart\repository\impl\nosql\CartRepositoryImpl.java:75: error: cannot find symbol
    public <S extends ShoppingCart> S save(S entity) {
                      ^
  symbol:   class ShoppingCart
  location: class CartRepositoryImpl
E:\Practice\Office\shoppingcart\src\main\java\com\example\shoppingcart\repository\impl\nosql\CartRepositoryImpl.java:81: error: cannot find symbol
    public Optional<ShoppingCart> findById(String cartId) {
                    ^
  symbol:   class ShoppingCart
  location: class CartRepositoryImpl
E:\Practice\Office\shoppingcart\src\main\java\com\example\shoppingcart\repository\impl\nosql\CartRepositoryImpl.java:96: error: cannot find symbol
    public void delete(ShoppingCart entity) {
                       ^
  symbol:   class ShoppingCart
  location: class CartRepositoryImpl
E:\Practice\Office\shoppingcart\src\main\java\com\example\shoppingcart\repository\impl\nosql\CartRepositoryImpl.java:101: error: cannot find symbol
    public void deleteAll(Iterable<? extends ShoppingCart> entities) {
                                             ^
  symbol:   class ShoppingCart
  location: class CartRepositoryImpl
E:\Practice\Office\shoppingcart\src\main\java\com\example\shoppingcart\repository\impl\nosql\CartRepositoryImpl.java:108: error: cannot find symbol
    public Iterable<ShoppingCart> findAll() {
                    ^
  symbol:   class ShoppingCart
  location: class CartRepositoryImpl
E:\Practice\Office\shoppingcart\src\main\java\com\example\shoppingcart\repository\impl\nosql\CartRepositoryImpl.java:113: error: cannot find symbol
    public Iterable<ShoppingCart> findAllById(Iterable<String> strings) {
                    ^
  symbol:   class ShoppingCart
  location: class CartRepositoryImpl
E:\Practice\Office\shoppingcart\src\main\java\com\example\shoppingcart\repository\impl\nosql\DiscountRuleRepositoryImpl.java:3: error: cannot find symbol
import com.example.shoppingcart.model.DiscountRule;
                                     ^
  symbol:   class DiscountRule
  location: package com.example.shoppingcart.model
E:\Practice\Office\shoppingcart\src\main\java\com\example\shoppingcart\repository\impl\nosql\DiscountRuleRepositoryImpl.java:30: error: cannot find symbol
    private final DynamoDbTable<DiscountRule> discountRuleTable;
                                ^
  symbol:   class DiscountRule
  location: class DiscountRuleRepositoryImpl
E:\Practice\Office\shoppingcart\src\main\java\com\example\shoppingcart\repository\impl\nosql\DiscountRuleRepositoryImpl.java:46: error: cannot find symbol
    public Class<DiscountRule> getEntityClass() {
                 ^
  symbol:   class DiscountRule
  location: class DiscountRuleRepositoryImpl
E:\Practice\Office\shoppingcart\src\main\java\com\example\shoppingcart\repository\impl\nosql\DiscountRuleRepositoryImpl.java:51: error: cannot find symbol
    public TableSchema<DiscountRule> getTableSchema() {
                       ^
  symbol:   class DiscountRule
  location: class DiscountRuleRepositoryImpl
E:\Practice\Office\shoppingcart\src\main\java\com\example\shoppingcart\repository\impl\nosql\DiscountRuleRepositoryImpl.java:56: error: cannot find symbol
    public DynamoDbTable<DiscountRule> getTable() {
                         ^
  symbol:   class DiscountRule
  location: class DiscountRuleRepositoryImpl
E:\Practice\Office\shoppingcart\src\main\java\com\example\shoppingcart\repository\impl\nosql\DiscountRuleRepositoryImpl.java:63: error: cannot find symbol
    public void saveAll(List<DiscountRule> discountRules) {
                             ^
  symbol:   class DiscountRule
  location: class DiscountRuleRepositoryImpl
E:\Practice\Office\shoppingcart\src\main\java\com\example\shoppingcart\repository\impl\nosql\DiscountRuleRepositoryImpl.java:71: error: cannot find symbol
    public List<DiscountRule> findActiveAndOrderedRules(String region, String currency) {
                ^
  symbol:   class DiscountRule
  location: class DiscountRuleRepositoryImpl
E:\Practice\Office\shoppingcart\src\main\java\com\example\shoppingcart\repository\impl\nosql\DiscountRuleRepositoryImpl.java:102: error: cannot find symbol
    public <S extends DiscountRule> S save(S entity) {
                      ^
  symbol:   class DiscountRule
  location: class DiscountRuleRepositoryImpl
E:\Practice\Office\shoppingcart\src\main\java\com\example\shoppingcart\repository\impl\nosql\DiscountRuleRepositoryImpl.java:108: error: cannot find symbol
    public Optional<DiscountRule> findById(String ruleId) {
                    ^
  symbol:   class DiscountRule
  location: class DiscountRuleRepositoryImpl
E:\Practice\Office\shoppingcart\src\main\java\com\example\shoppingcart\repository\impl\nosql\DiscountRuleRepositoryImpl.java:123: error: cannot find symbol
    public void delete(DiscountRule entity) {
                       ^
  symbol:   class DiscountRule
  location: class DiscountRuleRepositoryImpl
E:\Practice\Office\shoppingcart\src\main\java\com\example\shoppingcart\repository\impl\nosql\DiscountRuleRepositoryImpl.java:128: error: cannot find symbol
    public void deleteAll(Iterable<? extends DiscountRule> entities) {
                                             ^
  symbol:   class DiscountRule
  location: class DiscountRuleRepositoryImpl
E:\Practice\Office\shoppingcart\src\main\java\com\example\shoppingcart\repository\impl\nosql\DiscountRuleRepositoryImpl.java:135: error: cannot find symbol
    public Iterable<DiscountRule> findAll() {
                    ^
  symbol:   class DiscountRule
  location: class DiscountRuleRepositoryImpl
E:\Practice\Office\shoppingcart\src\main\java\com\example\shoppingcart\repository\impl\nosql\DiscountRuleRepositoryImpl.java:140: error: cannot find symbol
    public Iterable<DiscountRule> findAllById(Iterable<String> strings) {
                    ^
  symbol:   class DiscountRule
  location: class DiscountRuleRepositoryImpl
E:\Practice\Office\shoppingcart\src\main\java\com\example\shoppingcart\repository\impl\nosql\ProductInventoryRepositoryImpl.java:3: error: cannot find symbol
import com.example.shoppingcart.model.ProductCatalogItem;
                                     ^
  symbol:   class ProductCatalogItem
  location: package com.example.shoppingcart.model
E:\Practice\Office\shoppingcart\src\main\java\com\example\shoppingcart\repository\impl\nosql\ProductInventoryRepositoryImpl.java:50: error: cannot find symbol
    private ProductInventory toProductInventory(ProductCatalogItem item) {
                                                ^
  symbol:   class ProductCatalogItem
  location: class ProductInventoryRepositoryImpl
E:\Practice\Office\shoppingcart\src\main\java\com\example\shoppingcart\repository\impl\nosql\ProductInventoryRepositoryImpl.java:58: error: cannot find symbol
    private ProductCatalogItem toCatalogItem(ProductInventory inventory) {
            ^
  symbol:   class ProductCatalogItem
  location: class ProductInventoryRepositoryImpl
E:\Practice\Office\shoppingcart\src\main\java\com\example\shoppingcart\repository\impl\nosql\ProductPriceRepositoryImpl.java:3: error: cannot find symbol
import com.example.shoppingcart.model.ProductCatalogItem;
                                     ^
  symbol:   class ProductCatalogItem
  location: package com.example.shoppingcart.model
E:\Practice\Office\shoppingcart\src\main\java\com\example\shoppingcart\repository\impl\nosql\ProductPriceRepositoryImpl.java:50: error: cannot find symbol
    private ProductPrice toProductPrice(ProductCatalogItem item) {
                                        ^
  symbol:   class ProductCatalogItem
  location: class ProductPriceRepositoryImpl
E:\Practice\Office\shoppingcart\src\main\java\com\example\shoppingcart\repository\impl\nosql\ProductPriceRepositoryImpl.java:59: error: cannot find symbol
    private ProductCatalogItem toCatalogItem(ProductPrice price) {
            ^
  symbol:   class ProductCatalogItem
  location: class ProductPriceRepositoryImpl
E:\Practice\Office\shoppingcart\src\main\java\com\example\shoppingcart\repository\impl\nosql\ShoppingCartRepositoryImpl.java:3: error: cannot find symbol
import com.example.shoppingcart.model.ShoppingCart;
                                     ^
  symbol:   class ShoppingCart
  location: package com.example.shoppingcart.model
E:\Practice\Office\shoppingcart\src\main\java\com\example\shoppingcart\repository\impl\nosql\ShoppingCartRepositoryImpl.java:19: error: cannot find symbol
    private final DynamoDbTable<ShoppingCart> cartTable;
                                ^
  symbol:   class ShoppingCart
  location: class ShoppingCartRepositoryImpl
E:\Practice\Office\shoppingcart\src\main\java\com\example\shoppingcart\repository\impl\nosql\ShoppingCartRepositoryImpl.java:28: error: cannot find symbol
    public <S extends ShoppingCart> S save(S entity) {
                      ^
  symbol:   class ShoppingCart
  location: class ShoppingCartRepositoryImpl
E:\Practice\Office\shoppingcart\src\main\java\com\example\shoppingcart\repository\impl\nosql\ShoppingCartRepositoryImpl.java:34: error: cannot find symbol
    public <S extends ShoppingCart> Iterable<S> saveAll(Iterable<S> entities) {
                      ^
  symbol:   class ShoppingCart
  location: class ShoppingCartRepositoryImpl
E:\Practice\Office\shoppingcart\src\main\java\com\example\shoppingcart\repository\impl\nosql\ShoppingCartRepositoryImpl.java:40: error: cannot find symbol
    public Optional<ShoppingCart> findById(String cartId) {
                    ^
  symbol:   class ShoppingCart
  location: class ShoppingCartRepositoryImpl
E:\Practice\Office\shoppingcart\src\main\java\com\example\shoppingcart\repository\impl\nosql\ShoppingCartRepositoryImpl.java:50: error: cannot find symbol
    public Iterable<ShoppingCart> findAll() {
                    ^
  symbol:   class ShoppingCart
  location: class ShoppingCartRepositoryImpl
E:\Practice\Office\shoppingcart\src\main\java\com\example\shoppingcart\repository\impl\nosql\ShoppingCartRepositoryImpl.java:55: error: cannot find symbol
    public Iterable<ShoppingCart> findAllById(Iterable<String> strings) {
                    ^
  symbol:   class ShoppingCart
  location: class ShoppingCartRepositoryImpl
E:\Practice\Office\shoppingcart\src\main\java\com\example\shoppingcart\repository\impl\nosql\ShoppingCartRepositoryImpl.java:74: error: cannot find symbol
    public void delete(ShoppingCart entity) {
                       ^
  symbol:   class ShoppingCart
  location: class ShoppingCartRepositoryImpl
E:\Practice\Office\shoppingcart\src\main\java\com\example\shoppingcart\repository\impl\nosql\ShoppingCartRepositoryImpl.java:84: error: cannot find symbol
    public void deleteAll(Iterable<? extends ShoppingCart> entities) {
                                             ^
  symbol:   class ShoppingCart
  location: class ShoppingCartRepositoryImpl
E:\Practice\Office\shoppingcart\src\main\java\com\example\shoppingcart\repository\impl\nosql\UserRepositoryImpl.java:3: error: cannot find symbol
import com.example.shoppingcart.model.User;
                                     ^
  symbol:   class User
  location: package com.example.shoppingcart.model
E:\Practice\Office\shoppingcart\src\main\java\com\example\shoppingcart\repository\impl\nosql\UserRepositoryImpl.java:16: error: cannot find symbol
    private final DynamoDbTable<User> userTable;
                                ^
  symbol:   class User
  location: class UserRepositoryImpl
E:\Practice\Office\shoppingcart\src\main\java\com\example\shoppingcart\repository\impl\nosql\UserRepositoryImpl.java:17: error: cannot find symbol
    private final Class<User> entityClass;
                        ^
  symbol:   class User
  location: class UserRepositoryImpl
E:\Practice\Office\shoppingcart\src\main\java\com\example\shoppingcart\repository\impl\nosql\UserRepositoryImpl.java:18: error: cannot find symbol
    private final TableSchema<User> tableSchema;
                              ^
  symbol:   class User
  location: class UserRepositoryImpl
E:\Practice\Office\shoppingcart\src\main\java\com\example\shoppingcart\repository\impl\nosql\UserRepositoryImpl.java:33: error: cannot find symbol
    public Class<User> getEntityClass() {
                 ^
  symbol:   class User
  location: class UserRepositoryImpl
E:\Practice\Office\shoppingcart\src\main\java\com\example\shoppingcart\repository\impl\nosql\UserRepositoryImpl.java:38: error: cannot find symbol
    public TableSchema<User> getTableSchema() {
                       ^
  symbol:   class User
  location: class UserRepositoryImpl
E:\Practice\Office\shoppingcart\src\main\java\com\example\shoppingcart\repository\impl\nosql\UserRepositoryImpl.java:43: error: cannot find symbol
    public DynamoDbTable<User> getTable() {
                         ^
  symbol:   class User
  location: class UserRepositoryImpl
E:\Practice\Office\shoppingcart\src\main\java\com\example\shoppingcart\repository\impl\nosql\UserRepositoryImpl.java:48: error: cannot find symbol
    public Optional<User> findByUsername(String username) {
                    ^
  symbol:   class User
  location: class UserRepositoryImpl
E:\Practice\Office\shoppingcart\src\main\java\com\example\shoppingcart\service\discount\BuyXGetYFreeDiscountStrategy.java:3: error: cannot find symbol
import com.example.shoppingcart.model.DiscountRule;
                                     ^
  symbol:   class DiscountRule
  location: package com.example.shoppingcart.model
E:\Practice\Office\shoppingcart\src\main\java\com\example\shoppingcart\service\discount\BuyXGetYFreeDiscountStrategy.java:4: error: cannot find symbol
import com.example.shoppingcart.model.ShoppingCart;
                                     ^
  symbol:   class ShoppingCart
  location: package com.example.shoppingcart.model
E:\Practice\Office\shoppingcart\src\main\java\com\example\shoppingcart\service\discount\DiscountStrategy.java:3: error: cannot find symbol
import com.example.shoppingcart.model.DiscountRule;
                                     ^
  symbol:   class DiscountRule
  location: package com.example.shoppingcart.model
E:\Practice\Office\shoppingcart\src\main\java\com\example\shoppingcart\service\discount\DiscountStrategy.java:4: error: cannot find symbol
import com.example.shoppingcart.model.ShoppingCart;
                                     ^
  symbol:   class ShoppingCart
  location: package com.example.shoppingcart.model
E:\Practice\Office\shoppingcart\src\main\java\com\example\shoppingcart\service\discount\BuyXGetYFreeDiscountStrategy.java:21: error: cannot find symbol
    public BigDecimal apply(ShoppingCart cart, DiscountRule rule) {
                            ^
  symbol:   class ShoppingCart
  location: class BuyXGetYFreeDiscountStrategy
E:\Practice\Office\shoppingcart\src\main\java\com\example\shoppingcart\service\discount\BuyXGetYFreeDiscountStrategy.java:21: error: cannot find symbol
    public BigDecimal apply(ShoppingCart cart, DiscountRule rule) {
                                               ^
  symbol:   class DiscountRule
  location: class BuyXGetYFreeDiscountStrategy
E:\Practice\Office\shoppingcart\src\main\java\com\example\shoppingcart\service\discount\BuyXGetYFreeDiscountStrategy.java:49: error: cannot find symbol
    private boolean isApplicable(ShoppingCart.CartItemData item, DiscountRule rule) {
                                                                 ^
  symbol:   class DiscountRule
  location: class BuyXGetYFreeDiscountStrategy
E:\Practice\Office\shoppingcart\src\main\java\com\example\shoppingcart\service\discount\DiscountStrategy.java:21: error: cannot find symbol
    BigDecimal apply(ShoppingCart cart, DiscountRule rule);
                     ^
  symbol:   class ShoppingCart
  location: interface DiscountStrategy
E:\Practice\Office\shoppingcart\src\main\java\com\example\shoppingcart\service\discount\DiscountStrategy.java:21: error: cannot find symbol
    BigDecimal apply(ShoppingCart cart, DiscountRule rule);
                                        ^
  symbol:   class DiscountRule
  location: interface DiscountStrategy
E:\Practice\Office\shoppingcart\src\main\java\com\example\shoppingcart\service\discount\FlatDiscountStrategy.java:3: error: cannot find symbol
import com.example.shoppingcart.model.DiscountRule;
                                     ^
  symbol:   class DiscountRule
  location: package com.example.shoppingcart.model
E:\Practice\Office\shoppingcart\src\main\java\com\example\shoppingcart\service\discount\FlatDiscountStrategy.java:4: error: cannot find symbol
import com.example.shoppingcart.model.ShoppingCart;
                                     ^
  symbol:   class ShoppingCart
  location: package com.example.shoppingcart.model
E:\Practice\Office\shoppingcart\src\main\java\com\example\shoppingcart\service\discount\FlatDiscountStrategy.java:13: error: cannot find symbol
    public BigDecimal apply(ShoppingCart cart, DiscountRule rule) {
                            ^
  symbol:   class ShoppingCart
  location: class FlatDiscountStrategy
E:\Practice\Office\shoppingcart\src\main\java\com\example\shoppingcart\service\discount\FlatDiscountStrategy.java:13: error: cannot find symbol
    public BigDecimal apply(ShoppingCart cart, DiscountRule rule) {
                                               ^
  symbol:   class DiscountRule
  location: class FlatDiscountStrategy
E:\Practice\Office\shoppingcart\src\main\java\com\example\shoppingcart\service\DiscountStrategy.java:4: error: cannot find symbol
import com.example.shoppingcart.model.DiscountRule;
                                     ^
  symbol:   class DiscountRule
  location: package com.example.shoppingcart.model
E:\Practice\Office\shoppingcart\src\main\java\com\example\shoppingcart\service\DiscountStrategy.java:21: error: cannot find symbol
    CheckoutResponse.DiscountDto applyDiscount(List<CheckoutResponse.CheckoutItemDto> items, DiscountRule rule);
                                                                                             ^
  symbol:   class DiscountRule
  location: interface DiscountStrategy
E:\Practice\Office\shoppingcart\src\main\java\com\example\shoppingcart\service\impl\CartWriteServiceImpl.java:6: error: cannot find symbol
import com.example.shoppingcart.model.ShoppingCart;
                                     ^
  symbol:   class ShoppingCart
  location: package com.example.shoppingcart.model
E:\Practice\Office\shoppingcart\src\main\java\com\example\shoppingcart\service\PriceCalculationService.java:3: error: cannot find symbol
import com.example.shoppingcart.model.ShoppingCart;
                                     ^
  symbol:   class ShoppingCart
  location: package com.example.shoppingcart.model
E:\Practice\Office\shoppingcart\src\main\java\com\example\shoppingcart\service\impl\CartWriteServiceImpl.java:34: error: cannot find symbol
    public ShoppingCart createCart(String userId) {
           ^
  symbol:   class ShoppingCart
  location: class CartWriteServiceImpl
E:\Practice\Office\shoppingcart\src\main\java\com\example\shoppingcart\service\impl\CartWriteServiceImpl.java:56: error: cannot find symbol
    public ShoppingCart addItem(String cartId, String productId, int quantity, int priceInSmallestUnit) {
           ^
  symbol:   class ShoppingCart
  location: class CartWriteServiceImpl
E:\Practice\Office\shoppingcart\src\main\java\com\example\shoppingcart\service\impl\CartWriteServiceImpl.java:93: error: cannot find symbol
    public ShoppingCart removeItem(String cartId, String productId) {
           ^
  symbol:   class ShoppingCart
  location: class CartWriteServiceImpl
E:\Practice\Office\shoppingcart\src\main\java\com\example\shoppingcart\service\impl\CartWriteServiceImpl.java:112: error: cannot find symbol
    public ShoppingCart updateItemQuantity(String cartId, String productId, int quantity) {
           ^
  symbol:   class ShoppingCart
  location: class CartWriteServiceImpl
E:\Practice\Office\shoppingcart\src\main\java\com\example\shoppingcart\service\impl\CartWriteServiceImpl.java:135: error: cannot find symbol
    public ShoppingCart checkout(String cartId) {
           ^
  symbol:   class ShoppingCart
  location: class CartWriteServiceImpl
E:\Practice\Office\shoppingcart\src\main\java\com\example\shoppingcart\service\impl\CartWriteServiceImpl.java:153: error: cannot find symbol
    private ShoppingCart getCart(String cartId) {
            ^
  symbol:   class ShoppingCart
  location: class CartWriteServiceImpl
Note: Some input files use or override a deprecated API.
Note: Some messages have been simplified; recompile with -Xdiags:verbose to get full output
E:\Practice\Office\shoppingcart\src\main\java\com\example\shoppingcart\lambda\DynamoStreamHandler.java:3: error: package com.amazonaws.services.lambda.runtime does not exist
import com.amazonaws.services.lambda.runtime.Context;
                                            ^
E:\Practice\Office\shoppingcart\src\main\java\com\example\shoppingcart\lambda\DynamoStreamHandler.java:4: error: package com.amazonaws.services.lambda.runtime.events does not exist
import com.amazonaws.services.lambda.runtime.events.DynamodbEvent;
                                                   ^
E:\Practice\Office\shoppingcart\src\main\java\com\example\shoppingcart\lambda\SqlCdcHandler.java:3: error: package com.amazonaws.services.lambda.runtime does not exist
import com.amazonaws.services.lambda.runtime.Context;
                                            ^
E:\Practice\Office\shoppingcart\src\main\java\com\example\shoppingcart\service\discount\BuyXGetYFreeDiscountStrategy.java:49: error: package ShoppingCart does not exist
    private boolean isApplicable(ShoppingCart.CartItemData item, DiscountRule rule) {
                                             ^
100 errors
	at org.gradle.api.internal.tasks.compile.JdkJavaCompiler.execute(JdkJavaCompiler.java:89)
	at org.gradle.api.internal.tasks.compile.JdkJavaCompiler.execute(JdkJavaCompiler.java:50)
	at org.gradle.api.internal.tasks.compile.NormalizingJavaCompiler.delegateAndHandleErrors(NormalizingJavaCompiler.java:98)
	at org.gradle.api.internal.tasks.compile.NormalizingJavaCompiler.execute(NormalizingJavaCompiler.java:52)
	at org.gradle.api.internal.tasks.compile.NormalizingJavaCompiler.execute(NormalizingJavaCompiler.java:38)
	at org.gradle.api.internal.tasks.compile.AnnotationProcessorDiscoveringCompiler.execute(AnnotationProcessorDiscoveringCompiler.java:52)
	at org.gradle.api.internal.tasks.compile.AnnotationProcessorDiscoveringCompiler.execute(AnnotationProcessorDiscoveringCompiler.java:38)
	at org.gradle.api.internal.tasks.compile.ModuleApplicationNameWritingCompiler.execute(ModuleApplicationNameWritingCompiler.java:46)
	at org.gradle.api.internal.tasks.compile.ModuleApplicationNameWritingCompiler.execute(ModuleApplicationNameWritingCompiler.java:36)
	at org.gradle.jvm.toolchain.internal.DefaultToolchainJavaCompiler.execute(DefaultToolchainJavaCompiler.java:57)
	at org.gradle.api.tasks.compile.JavaCompile.lambda$createToolchainCompiler$3(JavaCompile.java:206)
	at org.gradle.api.internal.tasks.compile.CleaningJavaCompiler.execute(CleaningJavaCompiler.java:53)
	at org.gradle.api.internal.tasks.compile.incremental.IncrementalCompilerFactory.lambda$createRebuildAllCompiler$0(IncrementalCompilerFactory.java:55)
	at org.gradle.api.internal.tasks.compile.incremental.SelectiveCompiler.execute(SelectiveCompiler.java:70)
	at org.gradle.api.internal.tasks.compile.incremental.SelectiveCompiler.execute(SelectiveCompiler.java:44)
	at org.gradle.api.internal.tasks.compile.incremental.IncrementalResultStoringCompiler.execute(IncrementalResultStoringCompiler.java:66)
	at org.gradle.api.internal.tasks.compile.incremental.IncrementalResultStoringCompiler.execute(IncrementalResultStoringCompiler.java:52)
	at org.gradle.api.internal.tasks.compile.CompileJavaBuildOperationReportingCompiler$1.call(CompileJavaBuildOperationReportingCompiler.java:64)
	at org.gradle.api.internal.tasks.compile.CompileJavaBuildOperationReportingCompiler$1.call(CompileJavaBuildOperationReportingCompiler.java:48)
	at org.gradle.internal.operations.DefaultBuildOperationRunner$CallableBuildOperationWorker.execute(DefaultBuildOperationRunner.java:210)
	at org.gradle.internal.operations.DefaultBuildOperationRunner$CallableBuildOperationWorker.execute(DefaultBuildOperationRunner.java:205)
	at org.gradle.internal.operations.DefaultBuildOperationRunner$2.execute(DefaultBuildOperationRunner.java:67)
	at org.gradle.internal.operations.DefaultBuildOperationRunner$2.execute(DefaultBuildOperationRunner.java:60)
	at org.gradle.internal.operations.DefaultBuildOperationRunner.execute(DefaultBuildOperationRunner.java:167)
	at org.gradle.internal.operations.DefaultBuildOperationRunner.execute(DefaultBuildOperationRunner.java:60)
	at org.gradle.internal.operations.DefaultBuildOperationRunner.call(DefaultBuildOperationRunner.java:54)
	at org.gradle.api.internal.tasks.compile.CompileJavaBuildOperationReportingCompiler.execute(CompileJavaBuildOperationReportingCompiler.java:48)
	at org.gradle.api.tasks.compile.JavaCompile.performCompilation(JavaCompile.java:224)
	at org.gradle.api.tasks.compile.JavaCompile.performIncrementalCompilation(JavaCompile.java:165)
	at org.gradle.api.tasks.compile.JavaCompile.compile(JavaCompile.java:150)
	at java.base/jdk.internal.reflect.DirectMethodHandleAccessor.invoke(DirectMethodHandleAccessor.java:103)
	at org.gradle.internal.reflect.JavaMethod.invoke(JavaMethod.java:125)
	at org.gradle.api.internal.project.taskfactory.IncrementalTaskAction.doExecute(IncrementalTaskAction.java:45)
	at org.gradle.api.internal.project.taskfactory.StandardTaskAction.execute(StandardTaskAction.java:51)
	at org.gradle.api.internal.project.taskfactory.IncrementalTaskAction.execute(IncrementalTaskAction.java:26)
	at org.gradle.api.internal.project.taskfactory.StandardTaskAction.execute(StandardTaskAction.java:29)
	at org.gradle.api.internal.tasks.execution.TaskExecution$3.run(TaskExecution.java:244)
	at org.gradle.internal.operations.DefaultBuildOperationRunner$1.execute(DefaultBuildOperationRunner.java:30)
	at org.gradle.internal.operations.DefaultBuildOperationRunner$1.execute(DefaultBuildOperationRunner.java:27)
	at org.gradle.internal.operations.DefaultBuildOperationRunner$2.execute(DefaultBuildOperationRunner.java:67)
	at org.gradle.internal.operations.DefaultBuildOperationRunner$2.execute(DefaultBuildOperationRunner.java:60)
	at org.gradle.internal.operations.DefaultBuildOperationRunner.execute(DefaultBuildOperationRunner.java:167)
	at org.gradle.internal.operations.DefaultBuildOperationRunner.execute(DefaultBuildOperationRunner.java:60)
	at org.gradle.internal.operations.DefaultBuildOperationRunner.run(DefaultBuildOperationRunner.java:48)
	at org.gradle.api.internal.tasks.execution.TaskExecution.executeAction(TaskExecution.java:229)
	at org.gradle.api.internal.tasks.execution.TaskExecution.executeActions(TaskExecution.java:212)
	at org.gradle.api.internal.tasks.execution.TaskExecution.executeWithPreviousOutputFiles(TaskExecution.java:195)
	at org.gradle.api.internal.tasks.execution.TaskExecution.execute(TaskExecution.java:162)
	at org.gradle.internal.execution.steps.ExecuteStep.executeInternal(ExecuteStep.java:105)
	at org.gradle.internal.execution.steps.ExecuteStep.access$000(ExecuteStep.java:44)
	at org.gradle.internal.execution.steps.ExecuteStep$1.call(ExecuteStep.java:59)
	at org.gradle.internal.execution.steps.ExecuteStep$1.call(ExecuteStep.java:56)
	at org.gradle.internal.operations.DefaultBuildOperationRunner$CallableBuildOperationWorker.execute(DefaultBuildOperationRunner.java:210)
	at org.gradle.internal.operations.DefaultBuildOperationRunner$CallableBuildOperationWorker.execute(DefaultBuildOperationRunner.java:205)
	at org.gradle.internal.operations.DefaultBuildOperationRunner$2.execute(DefaultBuildOperationRunner.java:67)
	at org.gradle.internal.operations.DefaultBuildOperationRunner$2.execute(DefaultBuildOperationRunner.java:60)
	at org.gradle.internal.operations.DefaultBuildOperationRunner.execute(DefaultBuildOperationRunner.java:167)
	at org.gradle.internal.operations.DefaultBuildOperationRunner.execute(DefaultBuildOperationRunner.java:60)
	at org.gradle.internal.operations.DefaultBuildOperationRunner.call(DefaultBuildOperationRunner.java:54)
	at org.gradle.internal.execution.steps.ExecuteStep.execute(ExecuteStep.java:56)
	at org.gradle.internal.execution.steps.ExecuteStep.execute(ExecuteStep.java:44)
	at org.gradle.internal.execution.steps.CancelExecutionStep.execute(CancelExecutionStep.java:42)
	at org.gradle.internal.execution.steps.TimeoutStep.executeWithoutTimeout(TimeoutStep.java:75)
	at org.gradle.internal.execution.steps.TimeoutStep.execute(TimeoutStep.java:55)
	at org.gradle.internal.execution.steps.PreCreateOutputParentsStep.execute(PreCreateOutputParentsStep.java:50)
	at org.gradle.internal.execution.steps.PreCreateOutputParentsStep.execute(PreCreateOutputParentsStep.java:28)
	at org.gradle.internal.execution.steps.RemovePreviousOutputsStep.execute(RemovePreviousOutputsStep.java:67)
	at org.gradle.internal.execution.steps.RemovePreviousOutputsStep.execute(RemovePreviousOutputsStep.java:37)
	at org.gradle.internal.execution.steps.BroadcastChangingOutputsStep.execute(BroadcastChangingOutputsStep.java:61)
	at org.gradle.internal.execution.steps.BroadcastChangingOutputsStep.execute(BroadcastChangingOutputsStep.java:26)
	at org.gradle.internal.execution.steps.CaptureOutputsAfterExecutionStep.execute(CaptureOutputsAfterExecutionStep.java:69)
	at org.gradle.internal.execution.steps.CaptureOutputsAfterExecutionStep.execute(CaptureOutputsAfterExecutionStep.java:46)
	at org.gradle.internal.execution.steps.ResolveInputChangesStep.execute(ResolveInputChangesStep.java:40)
	at org.gradle.internal.execution.steps.ResolveInputChangesStep.execute(ResolveInputChangesStep.java:29)
	at org.gradle.internal.execution.steps.BuildCacheStep.executeWithoutCache(BuildCacheStep.java:189)
	at org.gradle.internal.execution.steps.BuildCacheStep.lambda$execute$1(BuildCacheStep.java:75)
	at org.gradle.internal.Either$Right.fold(Either.java:175)
	at org.gradle.internal.execution.caching.CachingState.fold(CachingState.java:62)
	at org.gradle.internal.execution.steps.BuildCacheStep.execute(BuildCacheStep.java:73)
	at org.gradle.internal.execution.steps.BuildCacheStep.execute(BuildCacheStep.java:48)
	at org.gradle.internal.execution.steps.StoreExecutionStateStep.execute(StoreExecutionStateStep.java:46)
	at org.gradle.internal.execution.steps.StoreExecutionStateStep.execute(StoreExecutionStateStep.java:35)
	at org.gradle.internal.execution.steps.SkipUpToDateStep.executeBecause(SkipUpToDateStep.java:75)
	at org.gradle.internal.execution.steps.SkipUpToDateStep.lambda$execute$2(SkipUpToDateStep.java:53)
	at org.gradle.internal.execution.steps.SkipUpToDateStep.execute(SkipUpToDateStep.java:53)
	at org.gradle.internal.execution.steps.SkipUpToDateStep.execute(SkipUpToDateStep.java:35)
	at org.gradle.internal.execution.steps.legacy.MarkSnapshottingInputsFinishedStep.execute(MarkSnapshottingInputsFinishedStep.java:37)
	at org.gradle.internal.execution.steps.legacy.MarkSnapshottingInputsFinishedStep.execute(MarkSnapshottingInputsFinishedStep.java:27)
	at org.gradle.internal.execution.steps.ResolveIncrementalCachingStateStep.executeDelegate(ResolveIncrementalCachingStateStep.java:49)
	at org.gradle.internal.execution.steps.ResolveIncrementalCachingStateStep.executeDelegate(ResolveIncrementalCachingStateStep.java:27)
	at org.gradle.internal.execution.steps.AbstractResolveCachingStateStep.execute(AbstractResolveCachingStateStep.java:71)
	at org.gradle.internal.execution.steps.AbstractResolveCachingStateStep.execute(AbstractResolveCachingStateStep.java:39)
	at org.gradle.internal.execution.steps.ResolveChangesStep.execute(ResolveChangesStep.java:65)
	at org.gradle.internal.execution.steps.ResolveChangesStep.execute(ResolveChangesStep.java:36)
	at org.gradle.internal.execution.steps.ValidateStep.execute(ValidateStep.java:107)
	at org.gradle.internal.execution.steps.ValidateStep.execute(ValidateStep.java:56)
	at org.gradle.internal.execution.steps.AbstractCaptureStateBeforeExecutionStep.execute(AbstractCaptureStateBeforeExecutionStep.java:64)
	at org.gradle.internal.execution.steps.AbstractCaptureStateBeforeExecutionStep.execute(AbstractCaptureStateBeforeExecutionStep.java:43)
	at org.gradle.internal.execution.steps.AbstractSkipEmptyWorkStep.executeWithNonEmptySources(AbstractSkipEmptyWorkStep.java:125)
	at org.gradle.internal.execution.steps.AbstractSkipEmptyWorkStep.execute(AbstractSkipEmptyWorkStep.java:61)
	at org.gradle.internal.execution.steps.AbstractSkipEmptyWorkStep.execute(AbstractSkipEmptyWorkStep.java:36)
	at org.gradle.internal.execution.steps.legacy.MarkSnapshottingInputsStartedStep.execute(MarkSnapshottingInputsStartedStep.java:38)
	at org.gradle.internal.execution.steps.LoadPreviousExecutionStateStep.execute(LoadPreviousExecutionStateStep.java:36)
	at org.gradle.internal.execution.steps.LoadPreviousExecutionStateStep.execute(LoadPreviousExecutionStateStep.java:23)
	at org.gradle.internal.execution.steps.HandleStaleOutputsStep.execute(HandleStaleOutputsStep.java:75)
	at org.gradle.internal.execution.steps.HandleStaleOutputsStep.execute(HandleStaleOutputsStep.java:41)
	at org.gradle.internal.execution.steps.AssignMutableWorkspaceStep.lambda$execute$0(AssignMutableWorkspaceStep.java:35)
	at org.gradle.api.internal.tasks.execution.TaskExecution$4.withWorkspace(TaskExecution.java:289)
	at org.gradle.internal.execution.steps.AssignMutableWorkspaceStep.execute(AssignMutableWorkspaceStep.java:31)
	at org.gradle.internal.execution.steps.AssignMutableWorkspaceStep.execute(AssignMutableWorkspaceStep.java:22)
	at org.gradle.internal.execution.steps.ChoosePipelineStep.execute(ChoosePipelineStep.java:40)
	at org.gradle.internal.execution.steps.ChoosePipelineStep.execute(ChoosePipelineStep.java:23)
	at org.gradle.internal.execution.steps.ExecuteWorkBuildOperationFiringStep.lambda$execute$2(ExecuteWorkBuildOperationFiringStep.java:67)
	at org.gradle.internal.execution.steps.ExecuteWorkBuildOperationFiringStep.execute(ExecuteWorkBuildOperationFiringStep.java:67)
	at org.gradle.internal.execution.steps.ExecuteWorkBuildOperationFiringStep.execute(ExecuteWorkBuildOperationFiringStep.java:39)
	at org.gradle.internal.execution.steps.IdentityCacheStep.execute(IdentityCacheStep.java:46)
	at org.gradle.internal.execution.steps.IdentityCacheStep.execute(IdentityCacheStep.java:34)
	at org.gradle.internal.execution.steps.IdentifyStep.execute(IdentifyStep.java:48)
	at org.gradle.internal.execution.steps.IdentifyStep.execute(IdentifyStep.java:35)
	at org.gradle.internal.execution.impl.DefaultExecutionEngine$1.execute(DefaultExecutionEngine.java:64)
	at org.gradle.api.internal.tasks.execution.ExecuteActionsTaskExecuter.executeIfValid(ExecuteActionsTaskExecuter.java:127)
	at org.gradle.api.internal.tasks.execution.ExecuteActionsTaskExecuter.execute(ExecuteActionsTaskExecuter.java:116)
	at org.gradle.api.internal.tasks.execution.ProblemsTaskPathTrackingTaskExecuter.execute(ProblemsTaskPathTrackingTaskExecuter.java:41)
	at org.gradle.api.internal.tasks.execution.FinalizePropertiesTaskExecuter.execute(FinalizePropertiesTaskExecuter.java:46)
	at org.gradle.api.internal.tasks.execution.ResolveTaskExecutionModeExecuter.execute(ResolveTaskExecutionModeExecuter.java:51)
	at org.gradle.api.internal.tasks.execution.SkipTaskWithNoActionsExecuter.execute(SkipTaskWithNoActionsExecuter.java:57)
	at org.gradle.api.internal.tasks.execution.SkipOnlyIfTaskExecuter.execute(SkipOnlyIfTaskExecuter.java:74)
	at org.gradle.api.internal.tasks.execution.CatchExceptionTaskExecuter.execute(CatchExceptionTaskExecuter.java:36)
	at org.gradle.api.internal.tasks.execution.EventFiringTaskExecuter$1.executeTask(EventFiringTaskExecuter.java:77)
	at org.gradle.api.internal.tasks.execution.EventFiringTaskExecuter$1.call(EventFiringTaskExecuter.java:55)
	at org.gradle.api.internal.tasks.execution.EventFiringTaskExecuter$1.call(EventFiringTaskExecuter.java:52)
	at org.gradle.internal.operations.DefaultBuildOperationRunner$CallableBuildOperationWorker.execute(DefaultBuildOperationRunner.java:210)
	at org.gradle.internal.operations.DefaultBuildOperationRunner$CallableBuildOperationWorker.execute(DefaultBuildOperationRunner.java:205)
	at org.gradle.internal.operations.DefaultBuildOperationRunner$2.execute(DefaultBuildOperationRunner.java:67)
	at org.gradle.internal.operations.DefaultBuildOperationRunner$2.execute(DefaultBuildOperationRunner.java:60)
	at org.gradle.internal.operations.DefaultBuildOperationRunner.execute(DefaultBuildOperationRunner.java:167)
	at org.gradle.internal.operations.DefaultBuildOperationRunner.execute(DefaultBuildOperationRunner.java:60)
	at org.gradle.internal.operations.DefaultBuildOperationRunner.call(DefaultBuildOperationRunner.java:54)
	at org.gradle.api.internal.tasks.execution.EventFiringTaskExecuter.execute(EventFiringTaskExecuter.java:52)
	at org.gradle.execution.plan.LocalTaskNodeExecutor.execute(LocalTaskNodeExecutor.java:42)
	at org.gradle.execution.taskgraph.DefaultTaskExecutionGraph$InvokeNodeExecutorsAction.execute(DefaultTaskExecutionGraph.java:331)
	at org.gradle.execution.taskgraph.DefaultTaskExecutionGraph$InvokeNodeExecutorsAction.execute(DefaultTaskExecutionGraph.java:318)
	at org.gradle.execution.taskgraph.DefaultTaskExecutionGraph$BuildOperationAwareExecutionAction.lambda$execute$0(DefaultTaskExecutionGraph.java:314)
	at org.gradle.internal.operations.CurrentBuildOperationRef.with(CurrentBuildOperationRef.java:85)
	at org.gradle.execution.taskgraph.DefaultTaskExecutionGraph$BuildOperationAwareExecutionAction.execute(DefaultTaskExecutionGraph.java:314)
	at org.gradle.execution.taskgraph.DefaultTaskExecutionGraph$BuildOperationAwareExecutionAction.execute(DefaultTaskExecutionGraph.java:303)
	at org.gradle.execution.plan.DefaultPlanExecutor$ExecutorWorker.execute(DefaultPlanExecutor.java:459)
	at org.gradle.execution.plan.DefaultPlanExecutor$ExecutorWorker.run(DefaultPlanExecutor.java:376)
	at org.gradle.execution.plan.DefaultPlanExecutor.process(DefaultPlanExecutor.java:111)
	at org.gradle.execution.taskgraph.DefaultTaskExecutionGraph.executeWithServices(DefaultTaskExecutionGraph.java:138)
	at org.gradle.execution.taskgraph.DefaultTaskExecutionGraph.execute(DefaultTaskExecutionGraph.java:123)
	at org.gradle.execution.SelectedTaskExecutionAction.execute(SelectedTaskExecutionAction.java:35)
	at org.gradle.execution.DryRunBuildExecutionAction.execute(DryRunBuildExecutionAction.java:51)
	at org.gradle.execution.BuildOperationFiringBuildWorkerExecutor$ExecuteTasks.call(BuildOperationFiringBuildWorkerExecutor.java:54)
	at org.gradle.execution.BuildOperationFiringBuildWorkerExecutor$ExecuteTasks.call(BuildOperationFiringBuildWorkerExecutor.java:43)
	at org.gradle.internal.operations.DefaultBuildOperationRunner$CallableBuildOperationWorker.execute(DefaultBuildOperationRunner.java:210)
	at org.gradle.internal.operations.DefaultBuildOperationRunner$CallableBuildOperationWorker.execute(DefaultBuildOperationRunner.java:205)
	at org.gradle.internal.operations.DefaultBuildOperationRunner$2.execute(DefaultBuildOperationRunner.java:67)
	at org.gradle.internal.operations.DefaultBuildOperationRunner$2.execute(DefaultBuildOperationRunner.java:60)
	at org.gradle.internal.operations.DefaultBuildOperationRunner.execute(DefaultBuildOperationRunner.java:167)
	at org.gradle.internal.operations.DefaultBuildOperationRunner.execute(DefaultBuildOperationRunner.java:60)
	at org.gradle.internal.operations.DefaultBuildOperationRunner.call(DefaultBuildOperationRunner.java:54)
	at org.gradle.execution.BuildOperationFiringBuildWorkerExecutor.execute(BuildOperationFiringBuildWorkerExecutor.java:40)
	at org.gradle.internal.build.DefaultBuildLifecycleController.lambda$executeTasks$10(DefaultBuildLifecycleController.java:313)
	at org.gradle.internal.model.StateTransitionController.doTransition(StateTransitionController.java:266)
	at org.gradle.internal.model.StateTransitionController.lambda$tryTransition$8(StateTransitionController.java:177)
	at org.gradle.internal.work.DefaultSynchronizer.withLock(DefaultSynchronizer.java:46)
	at org.gradle.internal.model.StateTransitionController.tryTransition(StateTransitionController.java:177)
	at org.gradle.internal.build.DefaultBuildLifecycleController.executeTasks(DefaultBuildLifecycleController.java:304)
	at org.gradle.internal.build.DefaultBuildWorkGraphController$DefaultBuildWorkGraph.runWork(DefaultBuildWorkGraphController.java:220)
	at org.gradle.internal.work.DefaultWorkerLeaseService.withLocks(DefaultWorkerLeaseService.java:263)
	at org.gradle.internal.work.DefaultWorkerLeaseService.runAsWorkerThread(DefaultWorkerLeaseService.java:127)
	at org.gradle.composite.internal.DefaultBuildController.doRun(DefaultBuildController.java:181)
	at org.gradle.composite.internal.DefaultBuildController.access$000(DefaultBuildController.java:50)
	at org.gradle.composite.internal.DefaultBuildController$BuildOpRunnable.lambda$run$0(DefaultBuildController.java:198)
	at org.gradle.internal.operations.CurrentBuildOperationRef.with(CurrentBuildOperationRef.java:85)
	at org.gradle.composite.internal.DefaultBuildController$BuildOpRunnable.run(DefaultBuildController.java:198)
	at org.gradle.internal.concurrent.ExecutorPolicy$CatchAndRecordFailures.onExecute(ExecutorPolicy.java:64)
	at org.gradle.internal.concurrent.AbstractManagedExecutor$1.run(AbstractManagedExecutor.java:48)


BUILD FAILED in 36s
1 actionable task: 1 executed
